I rknn-toolkit2 version: 2.3.0
I Loading :   0%|                                                             | 0/4 [00:00<?, ?it/s]I Loading : 100%|██████████████████████████████████████████████████| 4/4 [00:00<00:00, 42153.81it/s]
D base_optimize ...
D base_optimize done.
D 
D fold_constant ...
D fold_constant done.
D 
D correct_ops ...
D correct_ops done.
D 
D fuse_ops ...
D fuse_ops done.
D 
D sparse_weight ...
D sparse_weight done.
D 
I GraphPreparing :   0%|                                                      | 0/3 [00:00<?, ?it/s]I GraphPreparing : 100%|███████████████████████████████████████████| 3/3 [00:00<00:00, 11125.47it/s]
I Quantizating :   0%|                                                        | 0/3 [00:00<?, ?it/s]I Quantizating : 100%|██████████████████████████████████████████████| 3/3 [00:00<00:00, 1272.54it/s]
D 
D quant_optimizer ...
D quant_optimizer results:
D     adjust_relu: ['hidden']
D quant_optimizer done.
D 
[1;33mW[0m [1;33mbuild: The default input dtype of 'input' is changed from 'float32' to 'int8' in rknn model for performance!
                       Please take care of this change when deploy rknn model with Runtime API![0m
[1;33mW[0m [1;33mbuild: The default output dtype of 'output' is changed from 'float32' to 'int8' in rknn model for performance!
                      Please take care of this change when deploy rknn model with Runtime API![0m
I rknn building ...
I RKNN: [15:19:14.650] compress = 0, conv_eltwise_activation_fuse = 1, global_fuse = 1, multi-core-model-mode = 7, output_optimize = 1, layout_match = 1, enable_argb_group = 0, op_group_sram_opt = 0, enable_flash_attention = 0, op_group_nbuf_opt = 0
I RKNN: librknnc version: 2.3.0 (c949ad889d@2024-11-07T11:39:30)
D RKNN: [15:19:14.651] RKNN is invoked
D RKNN: [15:19:14.651] >>>>>> start: rknn::RKNNExtractCustomOpAttrs
D RKNN: [15:19:14.651] <<<<<<<< end: rknn::RKNNExtractCustomOpAttrs
D RKNN: [15:19:14.651] >>>>>> start: rknn::RKNNSetOpTargetPass
D RKNN: [15:19:14.651] <<<<<<<< end: rknn::RKNNSetOpTargetPass
D RKNN: [15:19:14.651] >>>>>> start: rknn::RKNNBindNorm
D RKNN: [15:19:14.651] <<<<<<<< end: rknn::RKNNBindNorm
D RKNN: [15:19:14.651] >>>>>> start: rknn::RKNNEliminateQATDataConvert
D RKNN: [15:19:14.651] <<<<<<<< end: rknn::RKNNEliminateQATDataConvert
D RKNN: [15:19:14.651] >>>>>> start: rknn::RKNNConvStrideFixPass
D RKNN: [15:19:14.651] <<<<<<<< end: rknn::RKNNConvStrideFixPass
D RKNN: [15:19:14.651] >>>>>> start: rknn::RKNNTileGroupConv
D RKNN: [15:19:14.651] <<<<<<<< end: rknn::RKNNTileGroupConv
D RKNN: [15:19:14.651] >>>>>> start: rknn::RKNNTileFcBatchFuse
D RKNN: [15:19:14.651] <<<<<<<< end: rknn::RKNNTileFcBatchFuse
D RKNN: [15:19:14.651] >>>>>> start: rknn::RKNNAddConvBias
D RKNN: [15:19:14.651] <<<<<<<< end: rknn::RKNNAddConvBias
D RKNN: [15:19:14.651] >>>>>> start: rknn::RKNNTileChannel
D RKNN: [15:19:14.651] <<<<<<<< end: rknn::RKNNTileChannel
D RKNN: [15:19:14.651] >>>>>> start: rknn::RKNNDuplicateWeightPass
D RKNN: [15:19:14.651] <<<<<<<< end: rknn::RKNNDuplicateWeightPass
D RKNN: [15:19:14.651] >>>>>> start: rknn::RKNNPerChannelPrep
D RKNN: [15:19:14.651] <<<<<<<< end: rknn::RKNNPerChannelPrep
D RKNN: [15:19:14.651] >>>>>> start: rknn::RKNNBnQuant
D RKNN: [15:19:14.651] <<<<<<<< end: rknn::RKNNBnQuant
D RKNN: [15:19:14.651] >>>>>> start: rknn::RKNNFuseOptimizerPass
D RKNN: [15:19:14.652] <<<<<<<< end: rknn::RKNNFuseOptimizerPass
D RKNN: [15:19:14.652] >>>>>> start: rknn::RKNNTurnAutoPad
D RKNN: [15:19:14.652] <<<<<<<< end: rknn::RKNNTurnAutoPad
D RKNN: [15:19:14.652] >>>>>> start: rknn::RKNNInitRNNConst
D RKNN: [15:19:14.652] <<<<<<<< end: rknn::RKNNInitRNNConst
D RKNN: [15:19:14.652] >>>>>> start: rknn::RKNNInitCastConst
D RKNN: [15:19:14.652] <<<<<<<< end: rknn::RKNNInitCastConst
D RKNN: [15:19:14.652] >>>>>> start: rknn::RKNNMultiSurfacePass
D RKNN: [15:19:14.652] <<<<<<<< end: rknn::RKNNMultiSurfacePass
D RKNN: [15:19:14.652] >>>>>> start: rknn::RKNNReplaceConstantTensorPass
D RKNN: [15:19:14.652] <<<<<<<< end: rknn::RKNNReplaceConstantTensorPass
D RKNN: [15:19:14.652] >>>>>> start: rknn::RKNNSubgraphManager
D RKNN: [15:19:14.652] <<<<<<<< end: rknn::RKNNSubgraphManager
D RKNN: [15:19:14.652] >>>>>> start: OpEmit
D RKNN: [15:19:14.652] <<<<<<<< end: OpEmit
D RKNN: [15:19:14.652] >>>>>> start: rknn::RKNNAddFirstConv
D RKNN: [15:19:14.652] <<<<<<<< end: rknn::RKNNAddFirstConv
D RKNN: [15:19:14.652] >>>>>> start: rknn::RKNNLayoutMatchPass
D RKNN: [15:19:14.652] <<<<<<<< end: rknn::RKNNLayoutMatchPass
D RKNN: [15:19:14.652] >>>>>> start: rknn::RKNNAddSecondaryNode
D RKNN: [15:19:14.652] <<<<<<<< end: rknn::RKNNAddSecondaryNode
D RKNN: [15:19:14.652] >>>>>> start: rknn::RKNNAllocateConvCachePass
D RKNN: [15:19:14.652] <<<<<<<< end: rknn::RKNNAllocateConvCachePass
D RKNN: [15:19:14.652] >>>>>> start: OpEmit
D RKNN: [15:19:14.652] <<<<<<<< end: OpEmit
D RKNN: [15:19:14.652] >>>>>> start: rknn::RKNNSubGraphMemoryPlanPass
D RKNN: [15:19:14.652] <<<<<<<< end: rknn::RKNNSubGraphMemoryPlanPass
D RKNN: [15:19:14.652] >>>>>> start: rknn::RKNNProfileAnalysisPass
D RKNN: [15:19:14.652] <<<<<<<< end: rknn::RKNNProfileAnalysisPass
D RKNN: [15:19:14.652] >>>>>> start: rknn::RKNNOperatorIdGenPass
D RKNN: [15:19:14.652] <<<<<<<< end: rknn::RKNNOperatorIdGenPass
D RKNN: [15:19:14.652] >>>>>> start: rknn::RKNNWeightTransposePass
D RKNN: [15:19:14.652] <<<<<<<< end: rknn::RKNNWeightTransposePass
D RKNN: [15:19:14.652] >>>>>> start: rknn::RKNNCPUWeightTransposePass
D RKNN: [15:19:14.652] <<<<<<<< end: rknn::RKNNCPUWeightTransposePass
D RKNN: [15:19:14.652] >>>>>> start: rknn::RKNNModelBuildPass
D RKNN: [15:19:14.652] <<<<<<<< end: rknn::RKNNModelBuildPass
D RKNN: [15:19:14.652] >>>>>> start: rknn::RKNNModelRegCmdbuildPass
D RKNN: [15:19:14.652] --------------------------------------------------------------------------------------------------------------------------------------------------------------------------
D RKNN: [15:19:14.652]                                                         Network Layer Information Table                                                      
D RKNN: [15:19:14.652] --------------------------------------------------------------------------------------------------------------------------------------------------------------------------
D RKNN: [15:19:14.652] ID   OpType             DataType Target InputShape                               OutputShape            Cycles(DDR/NPU/Total)    RW(KB)       FullName        
D RKNN: [15:19:14.652] --------------------------------------------------------------------------------------------------------------------------------------------------------------------------
D RKNN: [15:19:14.652] 0    InputOperator      INT8     CPU    \                                        (1,3,8,8)              0/0/0                    0            InputOperator:input
D RKNN: [15:19:14.652] 1    ConvRelu           INT8     NPU    (1,3,8,8),(16,3,1,1),(16)                (1,16,8,8)             229/256/256              0            Conv:conv1      
D RKNN: [15:19:14.652] 2    Conv               INT8     NPU    (1,16,8,8),(3,16,1,1),(3)                (1,3,8,8)              362/256/362              1            Conv:output     
D RKNN: [15:19:14.652] 3    OutputOperator     INT8     NPU    (1,3,8,8)                                \                      0/0/0                    1            OutputOperator:output
D RKNN: [15:19:14.652] --------------------------------------------------------------------------------------------------------------------------------------------------------------------------
D RKNN: [15:19:14.652] <<<<<<<< end: rknn::RKNNModelRegCmdbuildPass
D RKNN: [15:19:14.652] >>>>>> start: rknn::RKNNFlatcModelBuildPass
D RKNN: [15:19:14.652] Export Mini RKNN model to /tmp/tmp4tux361u/check.rknn
D RKNN: [15:19:14.652] >>>>>> end: rknn::RKNNFlatcModelBuildPass
D RKNN: [15:19:14.652] >>>>>> start: rknn::RKNNMemStatisticsPass
D RKNN: [15:19:14.652] -------------------------------------------------------------------------------------------------------------------------
D RKNN: [15:19:14.652]                                         Feature Tensor Information Table                            
D RKNN: [15:19:14.652] ---------------------------------------------------------------------------------------+---------------------------------
D RKNN: [15:19:14.652] ID  User           Tensor             DataType  DataFormat   OrigShape    NativeShape  |     [Start       End)       Size
D RKNN: [15:19:14.652] ---------------------------------------------------------------------------------------+---------------------------------
D RKNN: [15:19:14.652] 1   ConvRelu       input              INT8      NC1HWC2      (1,3,8,8)    (1,2,8,8,3)  | 0x00001080 0x00001200 0x00000180
D RKNN: [15:19:14.652] 2   Conv           hidden             INT8      NC1HWC2      (1,16,8,8)   (1,1,8,8,16) | 0x00001200 0x00001600 0x00000400
D RKNN: [15:19:14.652] 3   OutputOperator output             INT8      NC1HWC2      (1,3,8,8)    (1,1,8,8,16) | 0x00001600 0x00001a00 0x00000400
D RKNN: [15:19:14.652] 3   OutputOperator output_exSecondary INT8      NHWC         (1,8,8,3)    (1,8,8,3)    | 0x00001080 0x00001140 0x000000c0
D RKNN: [15:19:14.652] ---------------------------------------------------------------------------------------+---------------------------------
D RKNN: [15:19:14.652] -------------------------------------------------------------------------------
D RKNN: [15:19:14.652]                           Const Tensor Information Table         
D RKNN: [15:19:14.652] ---------------------------------------------+-I rknn building done.
--------------------------------
D RKNN: [15:19:14.652] ID  User     Tensor   DataType  OrigShape    |     [Start       End)       Size
D RKNN: [15:19:14.652] ---------------------------------------------+---------------------------------
D RKNN: [15:19:14.652] 1   ConvRelu w1       INT8      (16,3,1,1)   | 0x00000000 0x00000040 0x00000040
D RKNN: [15:19:14.652] 1   ConvRelu b1       INT32     (16)         | 0x00000080 0x00000100 0x00000080
D RKNN: [15:19:14.652] 2   Conv     w2       INT8      (3,16,1,1)   | 0x00000040 0x00000080 0x00000040
D RKNN: [15:19:14.652] 2   Conv     b2       INT32     (3)          | 0x00000100*0x00000180 0x00000080
D RKNN: [15:19:14.652] ---------------------------------------------+---------------------------------
D RKNN: [15:19:14.652] ----------------------------------------
D RKNN: [15:19:14.652] Total Internal Memory Size: 2.375KB
D RKNN: [15:19:14.652] Total Weight Memory Size: 0.375KB
D RKNN: [15:19:14.652] ----------------------------------------
D RKNN: [15:19:14.652] <<<<<<<< end: rknn::RKNNMemStatisticsPass
