RAW allocation 0 size=4096 dma=3e4c000
RAW allocation 1 size=20480 dma=3e4d000
RAW command base=3e4e000 displacement=4096
OUTPUT zero 16171a18000000000000000000000000
OUTPUT constant 07cb2218000000000000000000000000
OUTPUT ramp 0bde2018000000000000000000000000
OUTPUT impulse 16151918000000000000000000000000
OUTPUT random0 05c21f18000000000000000000000000
OUTPUT random1 03c42418000000000000000000000000
OUTPUT random2 06cd2e18000000000000000000000000
OUTPUT random3 05c92318000000000000000000000000
OUTPUT random4 07cb2218000000000000000000000000
OUTPUT random5 05c82818000000000000000000000000
OUTPUT random6 09d02618000000000000000000000000
OUTPUT random7 0ad42318000000000000000000000000
OUTPUT random8 08d22518000000000000000000000000
OUTPUT random9 06c92518000000000000000000000000
OUTPUT random10 08cd1e18000000000000000000000000
OUTPUT random11 08cb1c18000000000000000000000000
OUTPUT random12 08c81c18000000000000000000000000
OUTPUT random13 07ca1c18000000000000000000000000
OUTPUT random14 04ca1e18000000000000000000000000
OUTPUT random15 04c82618000000000000000000000000
OUTPUT random16 08ce2718000000000000000000000000
OUTPUT random17 01c21f18000000000000000000000000
OUTPUT random18 07cc1e18000000000000000000000000
OUTPUT random19 05c62718000000000000000000000000
OUTPUT random20 08d12818000000000000000000000000
OUTPUT random21 06ce2b18000000000000000000000000
OUTPUT random22 04c82418000000000000000000000000
OUTPUT random23 0acf2418000000000000000000000000
OUTPUT random24 08ca1e18000000000000000000000000
OUTPUT random25 04c62118000000000000000000000000
OUTPUT random26 04cf2918000000000000000000000000
OUTPUT random27 06c82418000000000000000000000000
OUTPUT random28 07cf2318000000000000000000000000
OUTPUT random29 08ce2418000000000000000000000000
OUTPUT random30 06ce2818000000000000000000000000
OUTPUT random31 05c41c18000000000000000000000000
OUTPUT random32 06cc2118000000000000000000000000
OUTPUT random33 06c62318000000000000000000000000
OUTPUT random34 09ca2118000000000000000000000000
OUTPUT random35 06c41d18000000000000000000000000
OUTPUT random36 08cb1a18000000000000000000000000
OUTPUT random37 07cc2818000000000000000000000000
OUTPUT random38 09d22418000000000000000000000000
OUTPUT random39 04c82418000000000000000000000000
OUTPUT random40 08cd2518000000000000000000000000
OUTPUT random41 04c72a18000000000000000000000000
OUTPUT random42 09d01c18000000000000000000000000
OUTPUT random43 05cb2218000000000000000000000000
OUTPUT random44 06c62018000000000000000000000000
OUTPUT random45 08cf2418000000000000000000000000
OUTPUT random46 04cc2a18000000000000000000000000
OUTPUT random47 06c62418000000000000000000000000
OUTPUT random48 07cc2818000000000000000000000000
OUTPUT random49 0ad22518000000000000000000000000
OUTPUT random50 03c62518000000000000000000000000
OUTPUT random51 09d22d18000000000000000000000000
OUTPUT random52 09cc1d18000000000000000000000000
OUTPUT random53 09cf1e18000000000000000000000000
OUTPUT random54 04c82318000000000000000000000000
OUTPUT random55 02c82918000000000000000000000000
OUTPUT random56 08cc2018000000000000000000000000
OUTPUT random57 02c32418000000000000000000000000
OUTPUT random58 05cb2618000000000000000000000000
OUTPUT random59 06cb2418000000000000000000000000
OUTPUT random60 0bd12018000000000000000000000000
OUTPUT random61 08cd2218000000000000000000000000
OUTPUT random62 08c81a18000000000000000000000000
OUTPUT random63 07cb1b18000000000000000000000000
