RAW allocation 0 size=4096 dma=3e4c000
RAW allocation 1 size=20480 dma=3e4d000
RAW command base=3e4e000 displacement=4096
OUTPUT zero 82808080000000000000000000000000
OUTPUT constant df80d580000000000000000000000000
OUTPUT ramp c780bf80000000000000000000000000
OUTPUT impulse 82808280000000000000000000000000
OUTPUT random0 df8ae080000000000000000000000000
OUTPUT random1 df8adc80000000000000000000000000
OUTPUT random2 f18cd180000000000000000000000000
OUTPUT random3 db89d780000000000000000000000000
OUTPUT random4 e18bd580000000000000000000000000
OUTPUT random5 e88cd780000000000000000000000000
OUTPUT random6 eb92ce80000000000000000000000000
OUTPUT random7 e092cb80000000000000000000000000
OUTPUT random8 e08fcd80000000000000000000000000
OUTPUT random9 e78fd680000000000000000000000000
OUTPUT random10 d991d480000000000000000000000000
OUTPUT random11 d88ed680000000000000000000000000
OUTPUT random12 e290da80000000000000000000000000
OUTPUT random13 d78ed880000000000000000000000000
OUTPUT random14 cc88d680000000000000000000000000
OUTPUT random15 e189d880000000000000000000000000
OUTPUT random16 e68fd180000000000000000000000000
OUTPUT random17 cc8adf80000000000000000000000000
OUTPUT random18 d78ed480000000000000000000000000
OUTPUT random19 ec8bda80000000000000000000000000
OUTPUT random20 e188cc80000000000000000000000000
OUTPUT random21 e78ecf80000000000000000000000000
OUTPUT random22 de89d880000000000000000000000000
OUTPUT random23 e991d080000000000000000000000000
OUTPUT random24 dd8bd680000000000000000000000000
OUTPUT random25 d88bda80000000000000000000000000
OUTPUT random26 d88acf80000000000000000000000000
OUTPUT random27 e28cd880000000000000000000000000
OUTPUT random28 da8cd080000000000000000000000000
OUTPUT random29 e390d180000000000000000000000000
OUTPUT random30 e28cd080000000000000000000000000
OUTPUT random31 dc8edf80000000000000000000000000
OUTPUT random32 d98cd480000000000000000000000000
OUTPUT random33 e48cda80000000000000000000000000
OUTPUT random34 e990d680000000000000000000000000
OUTPUT random35 de8ede80000000000000000000000000
OUTPUT random36 d38fd680000000000000000000000000
OUTPUT random37 ea8ed280000000000000000000000000
OUTPUT random38 e294cc80000000000000000000000000
OUTPUT random39 dd8cd880000000000000000000000000
OUTPUT random40 e78ed280000000000000000000000000
OUTPUT random41 e88cd880000000000000000000000000
OUTPUT random42 d48dd080000000000000000000000000
OUTPUT random43 d88ed480000000000000000000000000
OUTPUT random44 e08dda80000000000000000000000000
OUTPUT random45 de90d080000000000000000000000000
OUTPUT random46 db8ad080000000000000000000000000
OUTPUT random47 e88cda80000000000000000000000000
OUTPUT random48 e58ed280000000000000000000000000
OUTPUT random49 e693cc80000000000000000000000000
OUTPUT random50 db89da80000000000000000000000000
OUTPUT random51 ee8fcb80000000000000000000000000
OUTPUT random52 df8fd480000000000000000000000000
OUTPUT random53 da92d180000000000000000000000000
OUTPUT random54 da8bd780000000000000000000000000
OUTPUT random55 db89d680000000000000000000000000
OUTPUT random56 e28fd480000000000000000000000000
OUTPUT random57 da89de80000000000000000000000000
OUTPUT random58 dc8cd480000000000000000000000000
OUTPUT random59 dd8cd480000000000000000000000000
OUTPUT random60 e494cf80000000000000000000000000
OUTPUT random61 e391d380000000000000000000000000
OUTPUT random62 db8eda80000000000000000000000000
OUTPUT random63 d18dd680000000000000000000000000
