RAW allocation 0 size=4096 dma=3e4c000
RAW allocation 1 size=20480 dma=3e4d000
RAW command base=3e4e000 displacement=4096
OUTPUT zero e0e0e0e0000000000000000000000000
OUTPUT constant e8b02fe0000000000000000000000000
OUTPUT ramp ece056e0000000000000000000000000
OUTPUT impulse e0e00de0000000000000000000000000
OUTPUT random0 f6d279e0000000000000000000000000
OUTPUT random1 f8d563e0000000000000000000000000
OUTPUT random2 f8d271e0000000000000000000000000
OUTPUT random3 f6d66ae0000000000000000000000000
OUTPUT random4 f6dd60e0000000000000000000000000
OUTPUT random5 f7d775e0000000000000000000000000
OUTPUT random6 fbd86de0000000000000000000000000
OUTPUT random7 fad661e0000000000000000000000000
OUTPUT random8 f8df64e0000000000000000000000000
OUTPUT random9 f8d476e0000000000000000000000000
OUTPUT random10 f8d854e0000000000000000000000000
OUTPUT random11 f9dd65e0000000000000000000000000
OUTPUT random12 f9d166e0000000000000000000000000
OUTPUT random13 f9da74e0000000000000000000000000
OUTPUT random14 f9da66e0000000000000000000000000
OUTPUT random15 f7d76de0000000000000000000000000
OUTPUT random16 fad46fe0000000000000000000000000
OUTPUT random17 f7da65e0000000000000000000000000
OUTPUT random18 fad662e0000000000000000000000000
OUTPUT random19 f7d971e0000000000000000000000000
OUTPUT random20 f6dc66e0000000000000000000000000
OUTPUT random21 fad86be0000000000000000000000000
OUTPUT random22 f7d861e0000000000000000000000000
OUTPUT random23 f9d46ee0000000000000000000000000
OUTPUT random24 fadb77e0000000000000000000000000
OUTPUT random25 f7d263e0000000000000000000000000
OUTPUT random26 fad870e0000000000000000000000000
OUTPUT random27 f6d968e0000000000000000000000000
OUTPUT random28 f8db73e0000000000000000000000000
OUTPUT random29 f8df6ae0000000000000000000000000
OUTPUT random30 fadc6ae0000000000000000000000000
OUTPUT random31 fbda6fe0000000000000000000000000
OUTPUT random32 f8d757e0000000000000000000000000
OUTPUT random33 f9d75ae0000000000000000000000000
OUTPUT random34 fad46ce0000000000000000000000000
OUTPUT random35 fadd6ae0000000000000000000000000
OUTPUT random36 f8d96ce0000000000000000000000000
OUTPUT random37 f9da68e0000000000000000000000000
OUTPUT random38 fbd660e0000000000000000000000000
OUTPUT random39 f5d565e0000000000000000000000000
OUTPUT random40 f9d869e0000000000000000000000000
OUTPUT random41 f8d771e0000000000000000000000000
OUTPUT random42 f6db74e0000000000000000000000000
OUTPUT random43 f7dc61e0000000000000000000000000
OUTPUT random44 fad967e0000000000000000000000000
OUTPUT random45 fcd972e0000000000000000000000000
OUTPUT random46 f8dc66e0000000000000000000000000
OUTPUT random47 f8dc75e0000000000000000000000000
OUTPUT random48 f6d969e0000000000000000000000000
OUTPUT random49 fbd96ae0000000000000000000000000
OUTPUT random50 f6d55be0000000000000000000000000
OUTPUT random51 f9dd64e0000000000000000000000000
OUTPUT random52 fad46de0000000000000000000000000
OUTPUT random53 f8e05ee0000000000000000000000000
OUTPUT random54 f8da66e0000000000000000000000000
OUTPUT random55 f8d667e0000000000000000000000000
OUTPUT random56 f9d46ee0000000000000000000000000
OUTPUT random57 f7e072e0000000000000000000000000
OUTPUT random58 f8d556e0000000000000000000000000
OUTPUT random59 f8db67e0000000000000000000000000
OUTPUT random60 fbd478e0000000000000000000000000
OUTPUT random61 f7d86fe0000000000000000000000000
OUTPUT random62 f9de6ce0000000000000000000000000
OUTPUT random63 fad763e0000000000000000000000000
