RAW allocation 0 size=4096 dma=3e4c000
RAW allocation 1 size=20480 dma=3e4d000
RAW command base=3e4e000 displacement=4096
OUTPUT zero 80818480000000000000000000000000
OUTPUT constant 80808080000000000000000000000000
OUTPUT ramp 80818580000000000000000000000000
OUTPUT impulse 80818480000000000000000000000000
OUTPUT random0 80861680000000000000000000000000
OUTPUT random1 80902080000000000000000000000000
OUTPUT random2 80c75380000000000000000000000000
OUTPUT random3 80981280000000000000000000000000
OUTPUT random4 80943580000000000000000000000000
OUTPUT random5 809d1880000000000000000000000000
OUTPUT random6 80c75f80000000000000000000000000
OUTPUT random7 80c05880000000000000000000000000
OUTPUT random8 80aa3580000000000000000000000000
OUTPUT random9 80ba2480000000000000000000000000
OUTPUT random10 80ab2a80000000000000000000000000
OUTPUT random11 809e5580000000000000000000000000
OUTPUT random12 809f4080000000000000000000000000
OUTPUT random13 80b04780000000000000000000000000
OUTPUT random14 80884380000000000000000000000000
OUTPUT random15 80c04780000000000000000000000000
OUTPUT random16 80a54580000000000000000000000000
OUTPUT random17 80b64280000000000000000000000000
OUTPUT random18 80ad5a80000000000000000000000000
OUTPUT random19 809d0080000000000000000000000000
OUTPUT random20 80b41180000000000000000000000000
OUTPUT random21 80c26280000000000000000000000000
OUTPUT random22 80a71080000000000000000000000000
OUTPUT random23 80aa3480000000000000000000000000
OUTPUT random24 80ac4780000000000000000000000000
OUTPUT random25 80881e80000000000000000000000000
OUTPUT random26 80984f80000000000000000000000000
OUTPUT random27 80b31c80000000000000000000000000
OUTPUT random28 808e2280000000000000000000000000
OUTPUT random29 80b02880000000000000000000000000
OUTPUT random30 80ae3380000000000000000000000000
OUTPUT random31 80a25e80000000000000000000000000
OUTPUT random32 80a23780000000000000000000000000
OUTPUT random33 80802080000000000000000000000000
OUTPUT random34 80c04c80000000000000000000000000
OUTPUT random35 809b3980000000000000000000000000
OUTPUT random36 80c03a80000000000000000000000000
OUTPUT random37 80872d80000000000000000000000000
OUTPUT random38 80955b80000000000000000000000000
OUTPUT random39 809c1180000000000000000000000000
OUTPUT random40 80932580000000000000000000000000
OUTPUT random41 80b53480000000000000000000000000
OUTPUT random42 80992a80000000000000000000000000
OUTPUT random43 80b24680000000000000000000000000
OUTPUT random44 80a94a80000000000000000000000000
OUTPUT random45 80ce7180000000000000000000000000
OUTPUT random46 80961c80000000000000000000000000
OUTPUT random47 80801480000000000000000000000000
OUTPUT random48 809a0380000000000000000000000000
OUTPUT random49 80a95580000000000000000000000000
OUTPUT random50 80a81580000000000000000000000000
OUTPUT random51 80a93580000000000000000000000000
OUTPUT random52 80c96180000000000000000000000000
OUTPUT random53 80b72b80000000000000000000000000
OUTPUT random54 80941f80000000000000000000000000
OUTPUT random55 80a72d80000000000000000000000000
OUTPUT random56 80b75680000000000000000000000000
OUTPUT random57 808dfb80000000000000000000000000
OUTPUT random58 809d4980000000000000000000000000
OUTPUT random59 80af1e80000000000000000000000000
OUTPUT random60 80a35f80000000000000000000000000
OUTPUT random61 80952880000000000000000000000000
OUTPUT random62 808c3e80000000000000000000000000
OUTPUT random63 80b23b80000000000000000000000000
