I rknn-toolkit2 version: 2.3.0
I Loading :   0%|                                                             | 0/1 [00:00<?, ?it/s]I Loading : 100%|██████████████████████████████████████████████████| 1/1 [00:00<00:00, 14169.95it/s]
D base_optimize ...
D base_optimize done.
D 
D fold_constant ...
D fold_constant done.
D 
D correct_ops ...
D correct_ops done.
D 
D fuse_ops ...
D fuse_ops done.
D 
D sparse_weight ...
D sparse_weight done.
D 
I GraphPreparing :   0%|                                                      | 0/1 [00:00<?, ?it/s]I GraphPreparing : 100%|████████████████████████████████████████████| 1/1 [00:00<00:00, 8256.50it/s]
I Quantizating :   0%|                                                        | 0/1 [00:00<?, ?it/s]I Quantizating : 100%|███████████████████████████████████████████████| 1/1 [00:00<00:00, 617.72it/s]
D 
D quant_optimizer ...
D quant_optimizer done.
D 
[1;33mW[0m [1;33mbuild: The default input dtype of 'input' is changed from 'float32' to 'int8' in rknn model for performance!
                       Please take care of this change when deploy rknn model with Runtime API![0m
[1;33mW[0m [1;33mbuild: The default output dtype of 'output' is changed from 'float32' to 'int8' in rknn model for performance!
                      Please take care of this change when deploy rknn model with Runtime API![0m
I rknn building ...
I RKNN: [15:48:58.430] compress = 0, conv_eltwise_activation_fuse = 1, global_fuse = 1, multi-core-model-mode = 7, output_optimize = 1, layout_match = 1, enable_argb_group = 0, op_group_sram_opt = 0, enable_flash_attention = 0, op_group_nbuf_opt = 0
I RKNN: librknnc version: 2.3.0 (c949ad889d@2024-11-07T11:39:30)
D RKNN: [15:48:58.430] RKNN is invoked
D RKNN: [15:48:58.431] >>>>>> start: rknn::RKNNExtractCustomOpAttrs
D RKNN: [15:48:58.431] <<<<<<<< end: rknn::RKNNExtractCustomOpAttrs
D RKNN: [15:48:58.431] >>>>>> start: rknn::RKNNSetOpTargetPass
D RKNN: [15:48:58.431] <<<<<<<< end: rknn::RKNNSetOpTargetPass
D RKNN: [15:48:58.431] >>>>>> start: rknn::RKNNBindNorm
D RKNN: [15:48:58.431] <<<<<<<< end: rknn::RKNNBindNorm
D RKNN: [15:48:58.431] >>>>>> start: rknn::RKNNEliminateQATDataConvert
D RKNN: [15:48:58.431] <<<<<<<< end: rknn::RKNNEliminateQATDataConvert
D RKNN: [15:48:58.431] >>>>>> start: rknn::RKNNConvStrideFixPass
D RKNN: [15:48:58.431] <<<<<<<< end: rknn::RKNNConvStrideFixPass
D RKNN: [15:48:58.431] >>>>>> start: rknn::RKNNTileGroupConv
D RKNN: [15:48:58.431] <<<<<<<< end: rknn::RKNNTileGroupConv
D RKNN: [15:48:58.431] >>>>>> start: rknn::RKNNTileFcBatchFuse
D RKNN: [15:48:58.431] <<<<<<<< end: rknn::RKNNTileFcBatchFuse
D RKNN: [15:48:58.431] >>>>>> start: rknn::RKNNAddConvBias
D RKNN: [15:48:58.431] <<<<<<<< end: rknn::RKNNAddConvBias
D RKNN: [15:48:58.431] >>>>>> start: rknn::RKNNTileChannel
D RKNN: [15:48:58.431] <<<<<<<< end: rknn::RKNNTileChannel
D RKNN: [15:48:58.431] >>>>>> start: rknn::RKNNDuplicateWeightPass
D RKNN: [15:48:58.431] <<<<<<<< end: rknn::RKNNDuplicateWeightPass
D RKNN: [15:48:58.431] >>>>>> start: rknn::RKNNPerChannelPrep
D RKNN: [15:48:58.431] <<<<<<<< end: rknn::RKNNPerChannelPrep
D RKNN: [15:48:58.431] >>>>>> start: rknn::RKNNBnQuant
D RKNN: [15:48:58.431] <<<<<<<< end: rknn::RKNNBnQuant
D RKNN: [15:48:58.431] >>>>>> start: rknn::RKNNFuseOptimizerPass
D RKNN: [15:48:58.431] <<<<<<<< end: rknn::RKNNFuseOptimizerPass
D RKNN: [15:48:58.431] >>>>>> start: rknn::RKNNTurnAutoPad
D RKNN: [15:48:58.431] <<<<<<<< end: rknn::RKNNTurnAutoPad
D RKNN: [15:48:58.431] >>>>>> start: rknn::RKNNInitRNNConst
D RKNN: [15:48:58.431] <<<<<<<< end: rknn::RKNNInitRNNConst
D RKNN: [15:48:58.431] >>>>>> start: rknn::RKNNInitCastConst
D RKNN: [15:48:58.431] <<<<<<<< end: rknn::RKNNInitCastConst
D RKNN: [15:48:58.431] >>>>>> start: rknn::RKNNMultiSurfacePass
D RKNN: [15:48:58.431] <<<<<<<< end: rknn::RKNNMultiSurfacePass
D RKNN: [15:48:58.431] >>>>>> start: rknn::RKNNReplaceConstantTensorPass
D RKNN: [15:48:58.431] <<<<<<<< end: rknn::RKNNReplaceConstantTensorPass
D RKNN: [15:48:58.431] >>>>>> start: rknn::RKNNSubgraphManager
D RKNN: [15:48:58.431] <<<<<<<< end: rknn::RKNNSubgraphManager
D RKNN: [15:48:58.431] >>>>>> start: OpEmit
D RKNN: [15:48:58.431] <<<<<<<< end: OpEmit
D RKNN: [15:48:58.431] >>>>>> start: rknn::RKNNAddFirstConv
D RKNN: [15:48:58.431] <<<<<<<< end: rknn::RKNNAddFirstConv
D RKNN: [15:48:58.431] >>>>>> start: rknn::RKNNLayoutMatchPass
D RKNN: [15:48:58.431] <<<<<<<< end: rknn::RKNNLayoutMatchPass
D RKNN: [15:48:58.431] >>>>>> start: rknn::RKNNAddSecondaryNode
D RKNN: [15:48:58.431] <<<<<<<< end: rknn::RKNNAddSecondaryNode
D RKNN: [15:48:58.431] >>>>>> start: rknn::RKNNAllocateConvCachePass
D RKNN: [15:48:58.431] <<<<<<<< end: rknn::RKNNAllocateConvCachePass
D RKNN: [15:48:58.431] >>>>>> start: OpEmit
D RKNN: [15:48:58.431] <<<<<<<< end: OpEmit
D RKNN: [15:48:58.431] >>>>>> start: rknn::RKNNSubGraphMemoryPlanPass
D RKNN: [15:48:58.431] <<<<<<<< end: rknn::RKNNSubGraphMemoryPlanPass
D RKNN: [15:48:58.431] >>>>>> start: rknn::RKNNProfileAnalysisPass
D RKNN: [15:48:58.431] <<<<<<<< end: rknn::RKNNProfileAnalysisPass
D RKNN: [15:48:58.431] >>>>>> start: rknn::RKNNOperatorIdGenPass
D RKNN: [15:48:58.431] <<<<<<<< end: rknn::RKNNOperatorIdGenPass
D RKNN: [15:48:58.431] >>>>>> start: rknn::RKNNWeightTransposePass
D RKNN: [15:48:58.431] <<<<<<<< end: rknn::RKNNWeightTransposePass
D RKNN: [15:48:58.431] >>>>>> start: rknn::RKNNCPUWeightTransposePass
D RKNN: [15:48:58.431] <<<<<<<< end: rknn::RKNNCPUWeightTransposePass
D RKNN: [15:48:58.431] >>>>>> start: rknn::RKNNModelBuildPass
D RKNN: [15:48:58.431] <<<<<<<< end: rknn::RKNNModelBuildPass
D RKNN: [15:48:58.431] >>>>>> start: rknn::RKNNModelRegCmdbuildPass
D RKNN: [15:48:58.432] --------------------------------------------------------------------------------------------------------------------------------------------------------------------------
D RKNN: [15:48:58.432]                                                         Network Layer Information Table                                                      
D RKNN: [15:48:58.432] --------------------------------------------------------------------------------------------------------------------------------------------------------------------------
D RKNN: [15:48:58.432] ID   OpType             DataType Target InputShape                               OutputShape            Cycles(DDR/NPU/Total)    RW(KB)       FullName        
D RKNN: [15:48:58.432] --------------------------------------------------------------------------------------------------------------------------------------------------------------------------
D RKNN: [15:48:58.432] 0    InputOperator      INT8     CPU    \                                        (1,3,8,8)              0/0/0                    0            InputOperator:input
D RKNN: [15:48:58.432] 1    Conv               INT8     NPU    (1,3,8,8),(8,3,3,3),(8)                  (1,8,8,8)              265/576/576              0            Conv:output     
D RKNN: [15:48:58.432] 2    OutputOperator     INT8     NPU    (1,8,8,8)                                \                      0/0/0                    1            OutputOperator:output
D RKNN: [15:48:58.432] --------------------------------------------------------------------------------------------------------------------------------------------------------------------------
D RKNN: [15:48:58.432] <<<<<<<< end: rknn::RKNNModelRegCmdbuildPass
D RKNN: [15:48:58.432] >>>>>> start: rknn::RKNNFlatcModelBuildPass
D RKNN: [15:48:58.432] Export Mini RKNN model to /tmp/tmpa0otau8s/check.rknn
D RKNN: [15:48:58.432] >>>>>> end: rknn::RKNNFlatcModelBuildPass
D RKNN: [15:48:58.432] >>>>>> start: rknn::RKNNMemStatisticsPass
D RKNN: [15:48:58.432] -------------------------------------------------------------------------------------------------------------------------
D RKNN: [15:48:58.432]                                         Feature Tensor Information Table                            
D RKNN: [15:48:58.432] ---------------------------------------------------------------------------------------+---------------------------------
D RKNN: [15:48:58.432] ID  User           Tensor             DataType  DataFormat   OrigShape    NativeShape  |     [Start       End)       Size
D RKNN: [15:48:58.432] ---------------------------------------------------------------------------------------+---------------------------------
D RKNN: [15:48:58.432] 1   Conv           input              INT8      NC1HWC2      (1,3,8,8)    (1,2,8,8,3)  | 0x00000c80 0x00000e00 0x00000180
D RKNN: [15:48:58.432] 2   OutputOperator output             INT8      NC1HWC2      (1,8,8,8)    (1,1,8,8,16) | 0x00000e00 0x00001200 0x00000400
D RKNN: [15:48:58.432] 2   OutputOperator output_exSecondary INT8      NHWC         (1,8,8,8)    (1,8,8,8)    | 0x00001200 0x00001400 0x00000200
D RKNN: [15:48:58.432] ---------------------------------------------------------------------------------------+---------------------------------
D RKNN: [15:48:58.432] ---------------------------------------------------------------------------------
D RKNN: [15:48:58.432]                            Const Tensor Information Table          
D RKNN: [15:48:58.432] -----------------------------------------------+---------------------------------
D RKNN: [15:48:58.432] ID  User Tensor         DataType  OrigShape    |     [Start       End)       Size
D RKNN: [15:48:58.432] -----------------------------------------------+---------------------------------
D RKNN: [15:48:58.432] 1   Conv weights        INT8      (8,3,3,3)    | 0x0000I rknn building done.
0000 0x00000140 0x00000140
D RKNN: [15:48:58.432] 1   Conv weights_bias_0 INT32     (8)          | 0x00000140*0x000001c0 0x00000080
D RKNN: [15:48:58.432] -----------------------------------------------+---------------------------------
D RKNN: [15:48:58.432] ----------------------------------------
D RKNN: [15:48:58.432] Total Internal Memory Size: 1.875KB
D RKNN: [15:48:58.432] Total Weight Memory Size: 0.4375KB
D RKNN: [15:48:58.432] ----------------------------------------
D RKNN: [15:48:58.432] <<<<<<<< end: rknn::RKNNMemStatisticsPass
