I rknn-toolkit2 version: 2.3.0
I Loading :   0%|                                                             | 0/4 [00:00<?, ?it/s]I Loading : 100%|██████████████████████████████████████████████████| 4/4 [00:00<00:00, 39756.44it/s]
D base_optimize ...
D base_optimize done.
D 
D fold_constant ...
D fold_constant done.
D 
D correct_ops ...
D correct_ops done.
D 
D fuse_ops ...
D fuse_ops done.
D 
D sparse_weight ...
D sparse_weight done.
D 
I GraphPreparing :   0%|                                                      | 0/3 [00:00<?, ?it/s]I GraphPreparing : 100%|███████████████████████████████████████████| 3/3 [00:00<00:00, 11096.04it/s]
I Quantizating :   0%|                                                        | 0/3 [00:00<?, ?it/s]I Quantizating : 100%|██████████████████████████████████████████████| 3/3 [00:00<00:00, 1148.08it/s]
D 
D quant_optimizer ...
D quant_optimizer results:
D     adjust_relu: ['hidden']
D quant_optimizer done.
D 
[1;33mW[0m [1;33mbuild: The default input dtype of 'input' is changed from 'float32' to 'int8' in rknn model for performance!
                       Please take care of this change when deploy rknn model with Runtime API![0m
[1;33mW[0m [1;33mbuild: The default output dtype of 'output' is changed from 'float32' to 'int8' in rknn model for performance!
                      Please take care of this change when deploy rknn model with Runtime API![0m
I rknn building ...
I RKNN: [16:23:51.353] compress = 0, conv_eltwise_activation_fuse = 1, global_fuse = 1, multi-core-model-mode = 7, output_optimize = 1, layout_match = 1, enable_argb_group = 0, op_group_sram_opt = 0, enable_flash_attention = 0, op_group_nbuf_opt = 0
I RKNN: librknnc version: 2.3.0 (c949ad889d@2024-11-07T11:39:30)
D RKNN: [16:23:51.353] RKNN is invoked
D RKNN: [16:23:51.354] >>>>>> start: rknn::RKNNExtractCustomOpAttrs
D RKNN: [16:23:51.354] <<<<<<<< end: rknn::RKNNExtractCustomOpAttrs
D RKNN: [16:23:51.354] >>>>>> start: rknn::RKNNSetOpTargetPass
D RKNN: [16:23:51.354] <<<<<<<< end: rknn::RKNNSetOpTargetPass
D RKNN: [16:23:51.354] >>>>>> start: rknn::RKNNBindNorm
D RKNN: [16:23:51.354] <<<<<<<< end: rknn::RKNNBindNorm
D RKNN: [16:23:51.354] >>>>>> start: rknn::RKNNEliminateQATDataConvert
D RKNN: [16:23:51.354] <<<<<<<< end: rknn::RKNNEliminateQATDataConvert
D RKNN: [16:23:51.354] >>>>>> start: rknn::RKNNConvStrideFixPass
D RKNN: [16:23:51.354] <<<<<<<< end: rknn::RKNNConvStrideFixPass
D RKNN: [16:23:51.354] >>>>>> start: rknn::RKNNTileGroupConv
D RKNN: [16:23:51.354] <<<<<<<< end: rknn::RKNNTileGroupConv
D RKNN: [16:23:51.354] >>>>>> start: rknn::RKNNTileFcBatchFuse
D RKNN: [16:23:51.354] <<<<<<<< end: rknn::RKNNTileFcBatchFuse
D RKNN: [16:23:51.354] >>>>>> start: rknn::RKNNAddConvBias
D RKNN: [16:23:51.354] <<<<<<<< end: rknn::RKNNAddConvBias
D RKNN: [16:23:51.354] >>>>>> start: rknn::RKNNTileChannel
D RKNN: [16:23:51.354] <<<<<<<< end: rknn::RKNNTileChannel
D RKNN: [16:23:51.354] >>>>>> start: rknn::RKNNDuplicateWeightPass
D RKNN: [16:23:51.354] <<<<<<<< end: rknn::RKNNDuplicateWeightPass
D RKNN: [16:23:51.354] >>>>>> start: rknn::RKNNPerChannelPrep
D RKNN: [16:23:51.354] <<<<<<<< end: rknn::RKNNPerChannelPrep
D RKNN: [16:23:51.354] >>>>>> start: rknn::RKNNBnQuant
D RKNN: [16:23:51.354] <<<<<<<< end: rknn::RKNNBnQuant
D RKNN: [16:23:51.354] >>>>>> start: rknn::RKNNFuseOptimizerPass
D RKNN: [16:23:51.354] <<<<<<<< end: rknn::RKNNFuseOptimizerPass
D RKNN: [16:23:51.354] >>>>>> start: rknn::RKNNTurnAutoPad
D RKNN: [16:23:51.354] <<<<<<<< end: rknn::RKNNTurnAutoPad
D RKNN: [16:23:51.354] >>>>>> start: rknn::RKNNInitRNNConst
D RKNN: [16:23:51.354] <<<<<<<< end: rknn::RKNNInitRNNConst
D RKNN: [16:23:51.354] >>>>>> start: rknn::RKNNInitCastConst
D RKNN: [16:23:51.354] <<<<<<<< end: rknn::RKNNInitCastConst
D RKNN: [16:23:51.354] >>>>>> start: rknn::RKNNMultiSurfacePass
D RKNN: [16:23:51.354] <<<<<<<< end: rknn::RKNNMultiSurfacePass
D RKNN: [16:23:51.354] >>>>>> start: rknn::RKNNReplaceConstantTensorPass
D RKNN: [16:23:51.354] <<<<<<<< end: rknn::RKNNReplaceConstantTensorPass
D RKNN: [16:23:51.354] >>>>>> start: rknn::RKNNSubgraphManager
D RKNN: [16:23:51.354] <<<<<<<< end: rknn::RKNNSubgraphManager
D RKNN: [16:23:51.354] >>>>>> start: OpEmit
D RKNN: [16:23:51.354] <<<<<<<< end: OpEmit
D RKNN: [16:23:51.354] >>>>>> start: rknn::RKNNAddFirstConv
D RKNN: [16:23:51.354] <<<<<<<< end: rknn::RKNNAddFirstConv
D RKNN: [16:23:51.354] >>>>>> start: rknn::RKNNLayoutMatchPass
D RKNN: [16:23:51.354] <<<<<<<< end: rknn::RKNNLayoutMatchPass
D RKNN: [16:23:51.354] >>>>>> start: rknn::RKNNAddSecondaryNode
D RKNN: [16:23:51.354] <<<<<<<< end: rknn::RKNNAddSecondaryNode
D RKNN: [16:23:51.354] >>>>>> start: rknn::RKNNAllocateConvCachePass
D RKNN: [16:23:51.354] <<<<<<<< end: rknn::RKNNAllocateConvCachePass
D RKNN: [16:23:51.354] >>>>>> start: OpEmit
D RKNN: [16:23:51.354] <<<<<<<< end: OpEmit
D RKNN: [16:23:51.354] >>>>>> start: rknn::RKNNSubGraphMemoryPlanPass
D RKNN: [16:23:51.354] <<<<<<<< end: rknn::RKNNSubGraphMemoryPlanPass
D RKNN: [16:23:51.354] >>>>>> start: rknn::RKNNProfileAnalysisPass
D RKNN: [16:23:51.354] <<<<<<<< end: rknn::RKNNProfileAnalysisPass
D RKNN: [16:23:51.354] >>>>>> start: rknn::RKNNOperatorIdGenPass
D RKNN: [16:23:51.354] <<<<<<<< end: rknn::RKNNOperatorIdGenPass
D RKNN: [16:23:51.354] >>>>>> start: rknn::RKNNWeightTransposePass
D RKNN: [16:23:51.354] <<<<<<<< end: rknn::RKNNWeightTransposePass
D RKNN: [16:23:51.354] >>>>>> start: rknn::RKNNCPUWeightTransposePass
D RKNN: [16:23:51.354] <<<<<<<< end: rknn::RKNNCPUWeightTransposePass
D RKNN: [16:23:51.354] >>>>>> start: rknn::RKNNModelBuildPass
D RKNN: [16:23:51.354] <<<<<<<< end: rknn::RKNNModelBuildPass
D RKNN: [16:23:51.354] >>>>>> start: rknn::RKNNModelRegCmdbuildPass
D RKNN: [16:23:51.354] --------------------------------------------------------------------------------------------------------------------------------------------------------------------------
D RKNN: [16:23:51.354]                                                         Network Layer Information Table                                                      
D RKNN: [16:23:51.354] --------------------------------------------------------------------------------------------------------------------------------------------------------------------------
D RKNN: [16:23:51.354] ID   OpType             DataType Target InputShape                               OutputShape            Cycles(DDR/NPU/Total)    RW(KB)       FullName        
D RKNN: [16:23:51.354] --------------------------------------------------------------------------------------------------------------------------------------------------------------------------
D RKNN: [16:23:51.354] 0    InputOperator      INT8     CPU    \                                        (1,1,14,14)            0/0/0                    0            InputOperator:input
D RKNN: [16:23:51.354] 1    ConvRelu           INT8     NPU    (1,1,14,14),(8,1,1,1),(8)                (1,8,14,14)            567/208/567              0            Conv:conv1      
D RKNN: [16:23:51.354] 2    Conv               INT8     NPU    (1,8,14,14),(16,8,5,5),(16)              (1,16,14,14)           2079/5200/5200           9            Conv:output     
D RKNN: [16:23:51.354] 3    OutputOperator     INT8     NPU    (1,16,14,14)                             \                      0/0/0                    3            OutputOperator:output
D RKNN: [16:23:51.354] --------------------------------------------------------------------------------------------------------------------------------------------------------------------------
D RKNN: [16:23:51.354] <<<<<<<< end: rknn::RKNNModelRegCmdbuildPass
D RKNN: [16:23:51.354] >>>>>> start: rknn::RKNNFlatcModelBuildPass
D RKNN: [16:23:51.355] Export Mini RKNN model to /tmp/tmp80d5tf8r/check.rknn
D RKNN: [16:23:51.355] >>>>>> end: rknn::RKNNFlatcModelBuildPass
D RKNN: [16:23:51.355] >>>>>> start: rknn::RKNNMemStatisticsPass
D RKNN: [16:23:51.355] ---------------------------------------------------------------------------------------------------------------------------
D RKNN: [16:23:51.355]                                          Feature Tensor Information Table                             
D RKNN: [16:23:51.355] -----------------------------------------------------------------------------------------+---------------------------------
D RKNN: [16:23:51.355] ID  User           Tensor             DataType  DataFormat   OrigShape    NativeShape    |     [Start       End)       Size
D RKNN: [16:23:51.355] -----------------------------------------------------------------------------------------+---------------------------------
D RKNN: [16:23:51.355] 1   ConvRelu       input              INT8      NC1HWC2      (1,1,14,14)  (1,1,14,14,1)  | 0x00002a40 0x00002b20 0x000000e0
D RKNN: [16:23:51.355] 2   Conv           hidden             INT8      NC1HWC2      (1,8,14,14)  (1,1,14,14,16) | 0x00002b40 0x00003780 0x00000c40
D RKNN: [16:23:51.355] 3   OutputOperator output             INT8      NC1HWC2      (1,16,14,14) (1,1,14,14,16) | 0x00003780 0x000043c0 0x00000c40
D RKNN: [16:23:51.355] 3   OutputOperator output_exSecondary INT8      NHWC         (1,14,14,16) (1,14,14,16)   | 0x00002a40 0x00003680 0x00000c40
D RKNN: [16:23:51.355] -----------------------------------------------------------------------------------------+---------------------------------
D RKNN: [16:23:51.355] -------------------------------------------------------------------------------
D RKNN: [16:23:51.355]                           Const Tensor Information Table         
D RKNN: [16:23:51.355] ---------------------------I rknn building done.
------------------+---------------------------------
D RKNN: [16:23:51.355] ID  User     Tensor   DataType  OrigShape    |     [Start       End)       Size
D RKNN: [16:23:51.355] ---------------------------------------------+---------------------------------
D RKNN: [16:23:51.355] 1   ConvRelu w1       INT8      (8,1,1,1)    | 0x00000000 0x00000040 0x00000040
D RKNN: [16:23:51.355] 1   ConvRelu b1       INT32     (8)          | 0x00001940 0x000019c0 0x00000080
D RKNN: [16:23:51.355] 2   Conv     w2       INT8      (16,8,5,5)   | 0x00000040 0x00001940 0x00001900
D RKNN: [16:23:51.355] 2   Conv     b2       INT32     (16)         | 0x000019c0*0x00001a40 0x00000080
D RKNN: [16:23:51.355] ---------------------------------------------+---------------------------------
D RKNN: [16:23:51.355] ----------------------------------------
D RKNN: [16:23:51.355] Total Internal Memory Size: 6.375KB
D RKNN: [16:23:51.355] Total Weight Memory Size: 6.5625KB
D RKNN: [16:23:51.355] ----------------------------------------
D RKNN: [16:23:51.355] <<<<<<<< end: rknn::RKNNMemStatisticsPass
