Building source distribution...
running egg_info
writing src/open_rknpu.egg-info/PKG-INFO
writing dependency_links to src/open_rknpu.egg-info/dependency_links.txt
writing entry points to src/open_rknpu.egg-info/entry_points.txt
writing requirements to src/open_rknpu.egg-info/requires.txt
writing top-level names to src/open_rknpu.egg-info/top_level.txt
reading manifest file 'src/open_rknpu.egg-info/SOURCES.txt'
reading manifest template 'MANIFEST.in'
adding license file 'LICENSE'
writing manifest file 'src/open_rknpu.egg-info/SOURCES.txt'
running sdist
running egg_info
writing src/open_rknpu.egg-info/PKG-INFO
writing dependency_links to src/open_rknpu.egg-info/dependency_links.txt
writing entry points to src/open_rknpu.egg-info/entry_points.txt
writing requirements to src/open_rknpu.egg-info/requires.txt
writing top-level names to src/open_rknpu.egg-info/top_level.txt
reading manifest file 'src/open_rknpu.egg-info/SOURCES.txt'
reading manifest template 'MANIFEST.in'
adding license file 'LICENSE'
writing manifest file 'src/open_rknpu.egg-info/SOURCES.txt'
running check
creating open_rknpu-0.1.0.dev0
creating open_rknpu-0.1.0.dev0/runtime
creating open_rknpu-0.1.0.dev0/src/open_rknpu
creating open_rknpu-0.1.0.dev0/src/open_rknpu.egg-info
copying files to open_rknpu-0.1.0.dev0...
copying LICENSE -> open_rknpu-0.1.0.dev0
copying MANIFEST.in -> open_rknpu-0.1.0.dev0
copying README.md -> open_rknpu-0.1.0.dev0
copying pyproject.toml -> open_rknpu-0.1.0.dev0
copying runtime/Makefile -> open_rknpu-0.1.0.dev0/runtime
copying runtime/main.c -> open_rknpu-0.1.0.dev0/runtime
copying runtime/open_rknpu.c -> open_rknpu-0.1.0.dev0/runtime
copying runtime/open_rknpu.h -> open_rknpu-0.1.0.dev0/runtime
copying src/open_rknpu/__init__.py -> open_rknpu-0.1.0.dev0/src/open_rknpu
copying src/open_rknpu/calibration.py -> open_rknpu-0.1.0.dev0/src/open_rknpu
copying src/open_rknpu/chain.py -> open_rknpu-0.1.0.dev0/src/open_rknpu
copying src/open_rknpu/cli.py -> open_rknpu-0.1.0.dev0/src/open_rknpu
copying src/open_rknpu/compiler.py -> open_rknpu-0.1.0.dev0/src/open_rknpu
copying src/open_rknpu/model.py -> open_rknpu-0.1.0.dev0/src/open_rknpu
copying src/open_rknpu/network.py -> open_rknpu-0.1.0.dev0/src/open_rknpu
copying src/open_rknpu/normalize.py -> open_rknpu-0.1.0.dev0/src/open_rknpu
copying src/open_rknpu/pooling.py -> open_rknpu-0.1.0.dev0/src/open_rknpu
copying src/open_rknpu/quantization.py -> open_rknpu-0.1.0.dev0/src/open_rknpu
copying src/open_rknpu/reduction.py -> open_rknpu-0.1.0.dev0/src/open_rknpu
copying src/open_rknpu/register_profile.py -> open_rknpu-0.1.0.dev0/src/open_rknpu
copying src/open_rknpu/scheduler.py -> open_rknpu-0.1.0.dev0/src/open_rknpu
copying src/open_rknpu/sequence.py -> open_rknpu-0.1.0.dev0/src/open_rknpu
copying src/open_rknpu.egg-info/PKG-INFO -> open_rknpu-0.1.0.dev0/src/open_rknpu.egg-info
copying src/open_rknpu.egg-info/SOURCES.txt -> open_rknpu-0.1.0.dev0/src/open_rknpu.egg-info
copying src/open_rknpu.egg-info/dependency_links.txt -> open_rknpu-0.1.0.dev0/src/open_rknpu.egg-info
copying src/open_rknpu.egg-info/entry_points.txt -> open_rknpu-0.1.0.dev0/src/open_rknpu.egg-info
copying src/open_rknpu.egg-info/requires.txt -> open_rknpu-0.1.0.dev0/src/open_rknpu.egg-info
copying src/open_rknpu.egg-info/top_level.txt -> open_rknpu-0.1.0.dev0/src/open_rknpu.egg-info
Writing open_rknpu-0.1.0.dev0/setup.cfg
Creating tar archive
removing 'open_rknpu-0.1.0.dev0' (and everything under it)
Building wheel from source distribution...
running egg_info
writing src/open_rknpu.egg-info/PKG-INFO
writing dependency_links to src/open_rknpu.egg-info/dependency_links.txt
writing entry points to src/open_rknpu.egg-info/entry_points.txt
writing requirements to src/open_rknpu.egg-info/requires.txt
writing top-level names to src/open_rknpu.egg-info/top_level.txt
reading manifest file 'src/open_rknpu.egg-info/SOURCES.txt'
reading manifest template 'MANIFEST.in'
no previously-included directories found matching 'tests'
adding license file 'LICENSE'
writing manifest file 'src/open_rknpu.egg-info/SOURCES.txt'
running bdist_wheel
running build
running build_py
creating build/lib/open_rknpu
copying src/open_rknpu/quantization.py -> build/lib/open_rknpu
copying src/open_rknpu/model.py -> build/lib/open_rknpu
copying src/open_rknpu/sequence.py -> build/lib/open_rknpu
copying src/open_rknpu/__init__.py -> build/lib/open_rknpu
copying src/open_rknpu/cli.py -> build/lib/open_rknpu
copying src/open_rknpu/calibration.py -> build/lib/open_rknpu
copying src/open_rknpu/chain.py -> build/lib/open_rknpu
copying src/open_rknpu/compiler.py -> build/lib/open_rknpu
copying src/open_rknpu/network.py -> build/lib/open_rknpu
copying src/open_rknpu/normalize.py -> build/lib/open_rknpu
copying src/open_rknpu/pooling.py -> build/lib/open_rknpu
copying src/open_rknpu/scheduler.py -> build/lib/open_rknpu
copying src/open_rknpu/register_profile.py -> build/lib/open_rknpu
copying src/open_rknpu/reduction.py -> build/lib/open_rknpu
running egg_info
writing src/open_rknpu.egg-info/PKG-INFO
writing dependency_links to src/open_rknpu.egg-info/dependency_links.txt
writing entry points to src/open_rknpu.egg-info/entry_points.txt
writing requirements to src/open_rknpu.egg-info/requires.txt
writing top-level names to src/open_rknpu.egg-info/top_level.txt
reading manifest file 'src/open_rknpu.egg-info/SOURCES.txt'
reading manifest template 'MANIFEST.in'
no previously-included directories found matching 'tests'
adding license file 'LICENSE'
writing manifest file 'src/open_rknpu.egg-info/SOURCES.txt'
installing to build/bdist.linux-x86_64/wheel
running install
running install_lib
creating build/bdist.linux-x86_64/wheel
creating build/bdist.linux-x86_64/wheel/open_rknpu
copying build/lib/open_rknpu/quantization.py -> build/bdist.linux-x86_64/wheel/./open_rknpu
copying build/lib/open_rknpu/model.py -> build/bdist.linux-x86_64/wheel/./open_rknpu
copying build/lib/open_rknpu/sequence.py -> build/bdist.linux-x86_64/wheel/./open_rknpu
copying build/lib/open_rknpu/__init__.py -> build/bdist.linux-x86_64/wheel/./open_rknpu
copying build/lib/open_rknpu/cli.py -> build/bdist.linux-x86_64/wheel/./open_rknpu
copying build/lib/open_rknpu/calibration.py -> build/bdist.linux-x86_64/wheel/./open_rknpu
copying build/lib/open_rknpu/chain.py -> build/bdist.linux-x86_64/wheel/./open_rknpu
copying build/lib/open_rknpu/compiler.py -> build/bdist.linux-x86_64/wheel/./open_rknpu
copying build/lib/open_rknpu/network.py -> build/bdist.linux-x86_64/wheel/./open_rknpu
copying build/lib/open_rknpu/normalize.py -> build/bdist.linux-x86_64/wheel/./open_rknpu
copying build/lib/open_rknpu/pooling.py -> build/bdist.linux-x86_64/wheel/./open_rknpu
copying build/lib/open_rknpu/scheduler.py -> build/bdist.linux-x86_64/wheel/./open_rknpu
copying build/lib/open_rknpu/register_profile.py -> build/bdist.linux-x86_64/wheel/./open_rknpu
copying build/lib/open_rknpu/reduction.py -> build/bdist.linux-x86_64/wheel/./open_rknpu
running install_egg_info
Copying src/open_rknpu.egg-info to build/bdist.linux-x86_64/wheel/./open_rknpu-0.1.0.dev0-py3.12.egg-info
running install_scripts
creating build/bdist.linux-x86_64/wheel/open_rknpu-0.1.0.dev0.dist-info/WHEEL
creating '/home/dnhkng/drone/dist/.tmp-k70oemjp/open_rknpu-0.1.0.dev0-py3-none-any.whl' and adding 'build/bdist.linux-x86_64/wheel' to it
adding 'open_rknpu/__init__.py'
adding 'open_rknpu/calibration.py'
adding 'open_rknpu/chain.py'
adding 'open_rknpu/cli.py'
adding 'open_rknpu/compiler.py'
adding 'open_rknpu/model.py'
adding 'open_rknpu/network.py'
adding 'open_rknpu/normalize.py'
adding 'open_rknpu/pooling.py'
adding 'open_rknpu/quantization.py'
adding 'open_rknpu/reduction.py'
adding 'open_rknpu/register_profile.py'
adding 'open_rknpu/scheduler.py'
adding 'open_rknpu/sequence.py'
adding 'open_rknpu-0.1.0.dev0.dist-info/licenses/LICENSE'
adding 'open_rknpu-0.1.0.dev0.dist-info/METADATA'
adding 'open_rknpu-0.1.0.dev0.dist-info/WHEEL'
adding 'open_rknpu-0.1.0.dev0.dist-info/entry_points.txt'
adding 'open_rknpu-0.1.0.dev0.dist-info/top_level.txt'
adding 'open_rknpu-0.1.0.dev0.dist-info/RECORD'
removing build/bdist.linux-x86_64/wheel
Successfully built dist/open_rknpu-0.1.0.dev0.tar.gz
Successfully built dist/open_rknpu-0.1.0.dev0-py3-none-any.whl
