I rknn-toolkit2 version: 2.3.0
I Loading :   0%|                                                             | 0/1 [00:00<?, ?it/s]I Loading : 100%|██████████████████████████████████████████████████| 1/1 [00:00<00:00, 15592.21it/s]
D base_optimize ...
D base_optimize done.
D 
D fold_constant ...
D fold_constant done.
D 
D correct_ops ...
D correct_ops done.
D 
D fuse_ops ...
D fuse_ops results:
D     convert_avgpool_to_global: remove node = ['output'], add node = ['output_2gavg']
D     convert_global_avgpool_to_conv: remove node = ['output_2gavg'], add node = ['output_2gavg_2conv0']
D     fold_constant ...
D     fold_constant done.
D fuse_ops done.
D 
D sparse_weight ...
D sparse_weight done.
D 
I GraphPreparing :   0%|                                                      | 0/2 [00:00<?, ?it/s]I GraphPreparing : 100%|████████████████████████████████████████████| 2/2 [00:00<00:00, 9446.63it/s]
I Quantizating :   0%|                                                        | 0/2 [00:00<?, ?it/s]I Quantizating : 100%|██████████████████████████████████████████████| 2/2 [00:00<00:00, 1054.51it/s]
D 
D quant_optimizer ...
D quant_optimizer done.
D 
[1;33mW[0m [1;33mbuild: The default input dtype of 'input' is changed from 'float32' to 'int8' in rknn model for performance!
                       Please take care of this change when deploy rknn model with Runtime API![0m
[1;33mW[0m [1;33mbuild: The default output dtype of 'output' is changed from 'float32' to 'int8' in rknn model for performance!
                      Please take care of this change when deploy rknn model with Runtime API![0m
I rknn building ...
I RKNN: [15:38:24.026] compress = 0, conv_eltwise_activation_fuse = 1, global_fuse = 1, multi-core-model-mode = 7, output_optimize = 1, layout_match = 1, enable_argb_group = 0, op_group_sram_opt = 0, enable_flash_attention = 0, op_group_nbuf_opt = 0
I RKNN: librknnc version: 2.3.0 (c949ad889d@2024-11-07T11:39:30)
D RKNN: [15:38:24.026] RKNN is invoked
D RKNN: [15:38:24.026] >>>>>> start: rknn::RKNNExtractCustomOpAttrs
D RKNN: [15:38:24.026] <<<<<<<< end: rknn::RKNNExtractCustomOpAttrs
D RKNN: [15:38:24.026] >>>>>> start: rknn::RKNNSetOpTargetPass
D RKNN: [15:38:24.026] <<<<<<<< end: rknn::RKNNSetOpTargetPass
D RKNN: [15:38:24.026] >>>>>> start: rknn::RKNNBindNorm
D RKNN: [15:38:24.026] <<<<<<<< end: rknn::RKNNBindNorm
D RKNN: [15:38:24.026] >>>>>> start: rknn::RKNNEliminateQATDataConvert
D RKNN: [15:38:24.026] <<<<<<<< end: rknn::RKNNEliminateQATDataConvert
D RKNN: [15:38:24.026] >>>>>> start: rknn::RKNNConvStrideFixPass
D RKNN: [15:38:24.026] <<<<<<<< end: rknn::RKNNConvStrideFixPass
D RKNN: [15:38:24.026] >>>>>> start: rknn::RKNNTileGroupConv
D RKNN: [15:38:24.026] <<<<<<<< end: rknn::RKNNTileGroupConv
D RKNN: [15:38:24.026] >>>>>> start: rknn::RKNNTileFcBatchFuse
D RKNN: [15:38:24.026] <<<<<<<< end: rknn::RKNNTileFcBatchFuse
D RKNN: [15:38:24.026] >>>>>> start: rknn::RKNNAddConvBias
D RKNN: [15:38:24.026] <<<<<<<< end: rknn::RKNNAddConvBias
D RKNN: [15:38:24.026] >>>>>> start: rknn::RKNNTileChannel
D RKNN: [15:38:24.026] <<<<<<<< end: rknn::RKNNTileChannel
D RKNN: [15:38:24.026] >>>>>> start: rknn::RKNNDuplicateWeightPass
D RKNN: [15:38:24.026] <<<<<<<< end: rknn::RKNNDuplicateWeightPass
D RKNN: [15:38:24.026] >>>>>> start: rknn::RKNNPerChannelPrep
D RKNN: [15:38:24.026] <<<<<<<< end: rknn::RKNNPerChannelPrep
D RKNN: [15:38:24.026] >>>>>> start: rknn::RKNNBnQuant
D RKNN: [15:38:24.026] <<<<<<<< end: rknn::RKNNBnQuant
D RKNN: [15:38:24.026] >>>>>> start: rknn::RKNNFuseOptimizerPass
D RKNN: [15:38:24.026] <<<<<<<< end: rknn::RKNNFuseOptimizerPass
D RKNN: [15:38:24.026] >>>>>> start: rknn::RKNNTurnAutoPad
D RKNN: [15:38:24.027] <<<<<<<< end: rknn::RKNNTurnAutoPad
D RKNN: [15:38:24.027] >>>>>> start: rknn::RKNNInitRNNConst
D RKNN: [15:38:24.027] <<<<<<<< end: rknn::RKNNInitRNNConst
D RKNN: [15:38:24.027] >>>>>> start: rknn::RKNNInitCastConst
D RKNN: [15:38:24.027] <<<<<<<< end: rknn::RKNNInitCastConst
D RKNN: [15:38:24.027] >>>>>> start: rknn::RKNNMultiSurfacePass
D RKNN: [15:38:24.027] <<<<<<<< end: rknn::RKNNMultiSurfacePass
D RKNN: [15:38:24.027] >>>>>> start: rknn::RKNNReplaceConstantTensorPass
D RKNN: [15:38:24.027] <<<<<<<< end: rknn::RKNNReplaceConstantTensorPass
D RKNN: [15:38:24.027] >>>>>> start: rknn::RKNNSubgraphManager
D RKNN: [15:38:24.027] <<<<<<<< end: rknn::RKNNSubgraphManager
D RKNN: [15:38:24.027] >>>>>> start: OpEmit
D RKNN: [15:38:24.027] <<<<<<<< end: OpEmit
D RKNN: [15:38:24.027] >>>>>> start: rknn::RKNNAddFirstConv
D RKNN: [15:38:24.027] <<<<<<<< end: rknn::RKNNAddFirstConv
D RKNN: [15:38:24.027] >>>>>> start: rknn::RKNNLayoutMatchPass
D RKNN: [15:38:24.027] <<<<<<<< end: rknn::RKNNLayoutMatchPass
D RKNN: [15:38:24.027] >>>>>> start: rknn::RKNNAddSecondaryNode
D RKNN: [15:38:24.027] <<<<<<<< end: rknn::RKNNAddSecondaryNode
D RKNN: [15:38:24.027] >>>>>> start: rknn::RKNNAllocateConvCachePass
D RKNN: [15:38:24.027] <<<<<<<< end: rknn::RKNNAllocateConvCachePass
D RKNN: [15:38:24.027] >>>>>> start: OpEmit
D RKNN: [15:38:24.027] <<<<<<<< end: OpEmit
D RKNN: [15:38:24.027] >>>>>> start: rknn::RKNNSubGraphMemoryPlanPass
D RKNN: [15:38:24.027] <<<<<<<< end: rknn::RKNNSubGraphMemoryPlanPass
D RKNN: [15:38:24.027] >>>>>> start: rknn::RKNNProfileAnalysisPass
D RKNN: [15:38:24.027] <<<<<<<< end: rknn::RKNNProfileAnalysisPass
D RKNN: [15:38:24.027] >>>>>> start: rknn::RKNNOperatorIdGenPass
D RKNN: [15:38:24.027] <<<<<<<< end: rknn::RKNNOperatorIdGenPass
D RKNN: [15:38:24.027] >>>>>> start: rknn::RKNNWeightTransposePass
D RKNN: [15:38:24.027] <<<<<<<< end: rknn::RKNNWeightTransposePass
D RKNN: [15:38:24.027] >>>>>> start: rknn::RKNNCPUWeightTransposePass
D RKNN: [15:38:24.027] <<<<<<<< end: rknn::RKNNCPUWeightTransposePass
D RKNN: [15:38:24.027] >>>>>> start: rknn::RKNNModelBuildPass
D RKNN: [15:38:24.027] <<<<<<<< end: rknn::RKNNModelBuildPass
D RKNN: [15:38:24.027] >>>>>> start: rknn::RKNNModelRegCmdbuildPass
D RKNN: [15:38:24.027] --------------------------------------------------------------------------------------------------------------------------------------------------------------------------
D RKNN: [15:38:24.027]                                                         Network Layer Information Table                                                      
D RKNN: [15:38:24.027] --------------------------------------------------------------------------------------------------------------------------------------------------------------------------
D RKNN: [15:38:24.027] ID   OpType             DataType Target InputShape                               OutputShape            Cycles(DDR/NPU/Total)    RW(KB)       FullName        
D RKNN: [15:38:24.027] --------------------------------------------------------------------------------------------------------------------------------------------------------------------------
D RKNN: [15:38:24.027] 0    InputOperator      INT8     CPU    \                                        (1,3,2,2)              0/0/0                    0            InputOperator:input
D RKNN: [15:38:24.027] 1    Conv               INT8     NPU    (1,3,2,2),(3,3,1,1),(3)                  (1,3,2,2)              36/64/64                 0            Conv:pool_input 
D RKNN: [15:38:24.027] 2    Conv               INT8     NPU    (1,3,2,2),(1,3,2,2),(3)                  (1,3,1,1)              49/64/64                 0            Conv:output_2gavg_2conv0
D RKNN: [15:38:24.027] 3    OutputOperator     INT8     NPU    (1,3,1,1)                                \                      0/0/0                    0            OutputOperator:output
D RKNN: [15:38:24.027] --------------------------------------------------------------------------------------------------------------------------------------------------------------------------
D RKNN: [15:38:24.027] <<<<<<<< end: rknn::RKNNModelRegCmdbuildPass
D RKNN: [15:38:24.027] >>>>>> start: rknn::RKNNFlatcModelBuildPass
D RKNN: [15:38:24.027] Export Mini RKNN model to /tmp/tmpyvyy9ws8/check.rknn
D RKNN: [15:38:24.027] >>>>>> end: rknn::RKNNFlatcModelBuildPass
D RKNN: [15:38:24.027] >>>>>> start: rknn::RKNNMemStatisticsPass
D RKNN: [15:38:24.027] -------------------------------------------------------------------------------------------------------------------------
D RKNN: [15:38:24.027]                                         Feature Tensor Information Table                            
D RKNN: [15:38:24.027] ---------------------------------------------------------------------------------------+---------------------------------
D RKNN: [15:38:24.027] ID  User           Tensor             DataType  DataFormat   OrigShape    NativeShape  |     [Start       End)       Size
D RKNN: [15:38:24.027] ---------------------------------------------------------------------------------------+---------------------------------
D RKNN: [15:38:24.027] 1   Conv           input              INT8      NC1HWC2      (1,3,2,2)    (1,8,2,2,3)  | 0x00001100 0x00001160 0x00000060
D RKNN: [15:38:24.027] 2   Conv           pool_input         INT8      NC1HWC2      (1,3,2,2)    (1,1,2,2,16) | 0x00001180 0x000011c0 0x00000040
D RKNN: [15:38:24.027] 3   OutputOperator output             INT8      NC1HWC2      (1,3,1,1)    (1,2,1,1,16) | 0x00001100 0x00001120 0x00000020
D RKNN: [15:38:24.027] 3   OutputOperator output_exSecondary INT8      NHWC         (1,1,1,3)    (1,1,1,3)    | 0x00001140 0x00001143 0x00000003
D RKNN: [15:38:24.027] ---------------------------------------------------------------------------------------+---------------------------------
D RKNN: [15:38:24.027] -----------------------------------------------------------------------------------------
D RKNN: [15:38:24.027]                              Const Tensor Information Table              
D RKNN: [15:38:24.027] ---------------------I rknn building done.
----------------------------------+---------------------------------
D RKNN: [15:38:24.027] ID  User Tensor                 DataType  OrigShape    |     [Start       End)       Size
D RKNN: [15:38:24.027] -------------------------------------------------------+---------------------------------
D RKNN: [15:38:24.027] 1   Conv weights                INT8      (3,3,1,1)    | 0x00000000 0x00000040 0x00000040
D RKNN: [15:38:24.027] 1   Conv weights_bias_0         INT32     (3)          | 0x00000180*0x00000200 0x00000080
D RKNN: [15:38:24.027] 2   Conv output_2gavg_2conv0_i1 INT8      (1,3,2,2)    | 0x00000040 0x000000c0 0x00000080
D RKNN: [15:38:24.027] 2   Conv output_2gavg_2conv0_i2 INT32     (3)          | 0x000000c0 0x00000180 0x000000c0
D RKNN: [15:38:24.027] -------------------------------------------------------+---------------------------------
D RKNN: [15:38:24.027] ----------------------------------------
D RKNN: [15:38:24.027] Total Internal Memory Size: 0.1875KB
D RKNN: [15:38:24.027] Total Weight Memory Size: 0.5KB
D RKNN: [15:38:24.027] ----------------------------------------
D RKNN: [15:38:24.027] <<<<<<<< end: rknn::RKNNMemStatisticsPass
