I rknn-toolkit2 version: 2.3.0
I Loading :   0%|                                                             | 0/1 [00:00<?, ?it/s]I Loading : 100%|██████████████████████████████████████████████████| 1/1 [00:00<00:00, 14820.86it/s]
D base_optimize ...
D base_optimize done.
D 
D fold_constant ...
D fold_constant done.
D 
D correct_ops ...
D correct_ops done.
D 
D fuse_ops ...
D fuse_ops done.
D 
D sparse_weight ...
D sparse_weight done.
D 
I GraphPreparing :   0%|                                                      | 0/2 [00:00<?, ?it/s]I GraphPreparing : 100%|███████████████████████████████████████████| 2/2 [00:00<00:00, 10118.95it/s]
I Quantizating :   0%|                                                        | 0/2 [00:00<?, ?it/s]I Quantizating : 100%|██████████████████████████████████████████████| 2/2 [00:00<00:00, 1064.95it/s]
D 
D quant_optimizer ...
D quant_optimizer results:
D     adjust_avgpool: ['output']
D quant_optimizer done.
D 
[1;33mW[0m [1;33mbuild: The default input dtype of 'input' is changed from 'float32' to 'int8' in rknn model for performance!
                       Please take care of this change when deploy rknn model with Runtime API![0m
[1;33mW[0m [1;33mbuild: The default output dtype of 'output' is changed from 'float32' to 'int8' in rknn model for performance!
                      Please take care of this change when deploy rknn model with Runtime API![0m
I rknn building ...
I RKNN: [15:38:20.473] compress = 0, conv_eltwise_activation_fuse = 1, global_fuse = 1, multi-core-model-mode = 7, output_optimize = 1, layout_match = 1, enable_argb_group = 0, op_group_sram_opt = 0, enable_flash_attention = 0, op_group_nbuf_opt = 0
I RKNN: librknnc version: 2.3.0 (c949ad889d@2024-11-07T11:39:30)
D RKNN: [15:38:20.473] RKNN is invoked
D RKNN: [15:38:20.474] >>>>>> start: rknn::RKNNExtractCustomOpAttrs
D RKNN: [15:38:20.474] <<<<<<<< end: rknn::RKNNExtractCustomOpAttrs
D RKNN: [15:38:20.474] >>>>>> start: rknn::RKNNSetOpTargetPass
D RKNN: [15:38:20.474] <<<<<<<< end: rknn::RKNNSetOpTargetPass
D RKNN: [15:38:20.474] >>>>>> start: rknn::RKNNBindNorm
D RKNN: [15:38:20.474] <<<<<<<< end: rknn::RKNNBindNorm
D RKNN: [15:38:20.474] >>>>>> start: rknn::RKNNEliminateQATDataConvert
D RKNN: [15:38:20.474] <<<<<<<< end: rknn::RKNNEliminateQATDataConvert
D RKNN: [15:38:20.474] >>>>>> start: rknn::RKNNConvStrideFixPass
D RKNN: [15:38:20.474] <<<<<<<< end: rknn::RKNNConvStrideFixPass
D RKNN: [15:38:20.474] >>>>>> start: rknn::RKNNTileGroupConv
D RKNN: [15:38:20.474] <<<<<<<< end: rknn::RKNNTileGroupConv
D RKNN: [15:38:20.474] >>>>>> start: rknn::RKNNTileFcBatchFuse
D RKNN: [15:38:20.474] <<<<<<<< end: rknn::RKNNTileFcBatchFuse
D RKNN: [15:38:20.474] >>>>>> start: rknn::RKNNAddConvBias
D RKNN: [15:38:20.474] <<<<<<<< end: rknn::RKNNAddConvBias
D RKNN: [15:38:20.474] >>>>>> start: rknn::RKNNTileChannel
D RKNN: [15:38:20.474] <<<<<<<< end: rknn::RKNNTileChannel
D RKNN: [15:38:20.474] >>>>>> start: rknn::RKNNDuplicateWeightPass
D RKNN: [15:38:20.474] <<<<<<<< end: rknn::RKNNDuplicateWeightPass
D RKNN: [15:38:20.474] >>>>>> start: rknn::RKNNPerChannelPrep
D RKNN: [15:38:20.474] <<<<<<<< end: rknn::RKNNPerChannelPrep
D RKNN: [15:38:20.474] >>>>>> start: rknn::RKNNBnQuant
D RKNN: [15:38:20.474] <<<<<<<< end: rknn::RKNNBnQuant
D RKNN: [15:38:20.474] >>>>>> start: rknn::RKNNFuseOptimizerPass
D RKNN: [15:38:20.474] <<<<<<<< end: rknn::RKNNFuseOptimizerPass
D RKNN: [15:38:20.474] >>>>>> start: rknn::RKNNTurnAutoPad
D RKNN: [15:38:20.474] <<<<<<<< end: rknn::RKNNTurnAutoPad
D RKNN: [15:38:20.474] >>>>>> start: rknn::RKNNInitRNNConst
D RKNN: [15:38:20.474] <<<<<<<< end: rknn::RKNNInitRNNConst
D RKNN: [15:38:20.474] >>>>>> start: rknn::RKNNInitCastConst
D RKNN: [15:38:20.474] <<<<<<<< end: rknn::RKNNInitCastConst
D RKNN: [15:38:20.474] >>>>>> start: rknn::RKNNMultiSurfacePass
D RKNN: [15:38:20.474] <<<<<<<< end: rknn::RKNNMultiSurfacePass
D RKNN: [15:38:20.474] >>>>>> start: rknn::RKNNReplaceConstantTensorPass
D RKNN: [15:38:20.474] <<<<<<<< end: rknn::RKNNReplaceConstantTensorPass
D RKNN: [15:38:20.474] >>>>>> start: rknn::RKNNSubgraphManager
D RKNN: [15:38:20.474] <<<<<<<< end: rknn::RKNNSubgraphManager
D RKNN: [15:38:20.474] >>>>>> start: OpEmit
D RKNN: [15:38:20.474] <<<<<<<< end: OpEmit
D RKNN: [15:38:20.474] >>>>>> start: rknn::RKNNAddFirstConv
D RKNN: [15:38:20.474] <<<<<<<< end: rknn::RKNNAddFirstConv
D RKNN: [15:38:20.474] >>>>>> start: rknn::RKNNLayoutMatchPass
D RKNN: [15:38:20.474] <<<<<<<< end: rknn::RKNNLayoutMatchPass
D RKNN: [15:38:20.474] >>>>>> start: rknn::RKNNAddSecondaryNode
D RKNN: [15:38:20.474] <<<<<<<< end: rknn::RKNNAddSecondaryNode
D RKNN: [15:38:20.474] >>>>>> start: rknn::RKNNAllocateConvCachePass
D RKNN: [15:38:20.474] <<<<<<<< end: rknn::RKNNAllocateConvCachePass
D RKNN: [15:38:20.474] >>>>>> start: OpEmit
D RKNN: [15:38:20.474] <<<<<<<< end: OpEmit
D RKNN: [15:38:20.474] >>>>>> start: rknn::RKNNSubGraphMemoryPlanPass
D RKNN: [15:38:20.474] <<<<<<<< end: rknn::RKNNSubGraphMemoryPlanPass
D RKNN: [15:38:20.474] >>>>>> start: rknn::RKNNProfileAnalysisPass
D RKNN: [15:38:20.474] <<<<<<<< end: rknn::RKNNProfileAnalysisPass
D RKNN: [15:38:20.474] >>>>>> start: rknn::RKNNOperatorIdGenPass
D RKNN: [15:38:20.474] <<<<<<<< end: rknn::RKNNOperatorIdGenPass
D RKNN: [15:38:20.474] >>>>>> start: rknn::RKNNWeightTransposePass
D RKNN: [15:38:20.474] <<<<<<<< end: rknn::RKNNWeightTransposePass
D RKNN: [15:38:20.474] >>>>>> start: rknn::RKNNCPUWeightTransposePass
D RKNN: [15:38:20.474] <<<<<<<< end: rknn::RKNNCPUWeightTransposePass
D RKNN: [15:38:20.474] >>>>>> start: rknn::RKNNModelBuildPass
D RKNN: [15:38:20.474] <<<<<<<< end: rknn::RKNNModelBuildPass
D RKNN: [15:38:20.474] >>>>>> start: rknn::RKNNModelRegCmdbuildPass
D RKNN: [15:38:20.474] --------------------------------------------------------------------------------------------------------------------------------------------------------------------------
D RKNN: [15:38:20.474]                                                         Network Layer Information Table                                                      
D RKNN: [15:38:20.474] --------------------------------------------------------------------------------------------------------------------------------------------------------------------------
D RKNN: [15:38:20.474] ID   OpType             DataType Target InputShape                               OutputShape            Cycles(DDR/NPU/Total)    RW(KB)       FullName        
D RKNN: [15:38:20.474] --------------------------------------------------------------------------------------------------------------------------------------------------------------------------
D RKNN: [15:38:20.474] 0    InputOperator      INT8     CPU    \                                        (1,3,4,4)              0/0/0                    0            InputOperator:input
D RKNN: [15:38:20.474] 1    Conv               INT8     NPU    (1,3,4,4),(3,3,1,1),(3)                  (1,3,4,4)              73/64/73                 0            Conv:pool_input 
D RKNN: [15:38:20.474] 2    AveragePool        INT8     NPU    (1,3,4,4)                                (1,3,2,2)              0/0/0                    0            AveragePool:output
D RKNN: [15:38:20.474] 3    OutputOperator     INT8     NPU    (1,3,2,2)                                \                      0/0/0                    0            OutputOperator:output
D RKNN: [15:38:20.474] --------------------------------------------------------------------------------------------------------------------------------------------------------------------------
D RKNN: [15:38:20.474] <<<<<<<< end: rknn::RKNNModelRegCmdbuildPass
D RKNN: [15:38:20.474] >>>>>> start: rknn::RKNNFlatcModelBuildPass
D RKNN: [15:38:20.475] Export Mini RKNN model to /tmp/tmp1qjn_apn/check.rknn
D RKNN: [15:38:20.475] >>>>>> end: rknn::RKNNFlatcModelBuildPass
D RKNN: [15:38:20.475] >>>>>> start: rknn::RKNNMemStatisticsPass
D RKNN: [15:38:20.475] -------------------------------------------------------------------------------------------------------------------------
D RKNN: [15:38:20.475]                                         Feature Tensor Information Table                            
D RKNN: [15:38:20.475] ---------------------------------------------------------------------------------------+---------------------------------
D RKNN: [15:38:20.475] ID  User           Tensor             DataType  DataFormat   OrigShape    NativeShape  |     [Start       End)       Size
D RKNN: [15:38:20.475] ---------------------------------------------------------------------------------------+---------------------------------
D RKNN: [15:38:20.475] 1   Conv           input              INT8      NC1HWC2      (1,3,4,4)    (1,4,4,4,3)  | 0x00000d00 0x00000dc0 0x000000c0
D RKNN: [15:38:20.475] 2   AveragePool    pool_input         INT8      NC1HWC2      (1,3,4,4)    (1,1,4,4,16) | 0x00000dc0 0x00000ec0 0x00000100
D RKNN: [15:38:20.475] 3   OutputOperator output             INT8      NC1HWC2      (1,3,2,2)    (1,1,2,2,16) | 0x00000d00 0x00000d40 0x00000040
D RKNN: [15:38:20.475] 3   OutputOperator output_exSecondary INT8      NHWC         (1,2,2,3)    (1,2,2,3)    | 0x00000d40 0x00000d4c 0x0000000c
D RKNN: [15:38:20.475] ---------------------------------------------------------------------------------------+---------------------------------
D RKNN: [15:38:20.475] ---------------------------------------------------------------------------------
D RKNN: [15:38:20.475]                            Const Tensor Information Table          
D RKNN: [15:38:20.475] -----------------------------------------I rknn building done.
------+---------------------------------
D RKNN: [15:38:20.475] ID  User Tensor         DataType  OrigShape    |     [Start       End)       Size
D RKNN: [15:38:20.475] -----------------------------------------------+---------------------------------
D RKNN: [15:38:20.475] 1   Conv weights        INT8      (3,3,1,1)    | 0x00000000 0x00000040 0x00000040
D RKNN: [15:38:20.475] 1   Conv weights_bias_0 INT32     (3)          | 0x00000040*0x000000c0 0x00000080
D RKNN: [15:38:20.475] -----------------------------------------------+---------------------------------
D RKNN: [15:38:20.475] ----------------------------------------
D RKNN: [15:38:20.475] Total Internal Memory Size: 0.4375KB
D RKNN: [15:38:20.475] Total Weight Memory Size: 0.1875KB
D RKNN: [15:38:20.475] ----------------------------------------
D RKNN: [15:38:20.475] <<<<<<<< end: rknn::RKNNMemStatisticsPass
