I rknn-toolkit2 version: 2.3.0
I Loading :   0%|                                                             | 0/4 [00:00<?, ?it/s]I Loading : 100%|██████████████████████████████████████████████████| 4/4 [00:00<00:00, 41838.44it/s]
D base_optimize ...
D base_optimize done.
D 
D fold_constant ...
D fold_constant done.
D 
D correct_ops ...
D correct_ops done.
D 
D fuse_ops ...
D fuse_ops results:
D     convert_matmul_to_exmatmul: remove node = ['output'], add node = ['flat_tp', 'flat_tp_rs', 'output#1', 'output_mm_tp', 'output_mm_tp_rs']
D     unsqueeze_to_4d_transpose: remove node = [], add node = ['flat_rs', 'flat_tp-rs']
D     fuse_two_reshape: remove node = ['flat']
D     fuse_transpose_reshape: remove node = ['flat_tp', 'output_mm_tp']
D     fuse_two_reshape: remove node = ['flat_rs']
D     fuse_two_reshape: remove node = ['flat_tp-rs']
D     convert_exmatmul_to_conv: remove node = ['output#1'], add node = ['output#1']
D     fold_constant ...
D     fold_constant done.
D fuse_ops done.
D 
D sparse_weight ...
D sparse_weight done.
D 
I GraphPreparing :   0%|                                                      | 0/4 [00:00<?, ?it/s]I GraphPreparing : 100%|███████████████████████████████████████████| 4/4 [00:00<00:00, 11578.48it/s]
I Quantizating :   0%|                                                        | 0/4 [00:00<?, ?it/s]I Quantizating : 100%|██████████████████████████████████████████████| 4/4 [00:00<00:00, 1480.52it/s]
D 
D quant_optimizer ...
D quant_optimizer done.
D 
[1;33mW[0m [1;33mbuild: The default input dtype of 'input' is changed from 'float32' to 'int8' in rknn model for performance!
                       Please take care of this change when deploy rknn model with Runtime API![0m
[1;33mW[0m [1;33mbuild: The default output dtype of 'output' is changed from 'float32' to 'int8' in rknn model for performance!
                      Please take care of this change when deploy rknn model with Runtime API![0m
I rknn building ...
I RKNN: [19:18:13.056] compress = 0, conv_eltwise_activation_fuse = 1, global_fuse = 1, multi-core-model-mode = 7, output_optimize = 1, layout_match = 1, enable_argb_group = 0, op_group_sram_opt = 0, enable_flash_attention = 0, op_group_nbuf_opt = 0
I RKNN: librknnc version: 2.3.0 (c949ad889d@2024-11-07T11:39:30)
D RKNN: [19:18:13.057] RKNN is invoked
D RKNN: [19:18:13.057] >>>>>> start: rknn::RKNNExtractCustomOpAttrs
D RKNN: [19:18:13.057] <<<<<<<< end: rknn::RKNNExtractCustomOpAttrs
D RKNN: [19:18:13.057] >>>>>> start: rknn::RKNNSetOpTargetPass
D RKNN: [19:18:13.057] <<<<<<<< end: rknn::RKNNSetOpTargetPass
D RKNN: [19:18:13.057] >>>>>> start: rknn::RKNNBindNorm
D RKNN: [19:18:13.057] <<<<<<<< end: rknn::RKNNBindNorm
D RKNN: [19:18:13.057] >>>>>> start: rknn::RKNNEliminateQATDataConvert
D RKNN: [19:18:13.057] <<<<<<<< end: rknn::RKNNEliminateQATDataConvert
D RKNN: [19:18:13.057] >>>>>> start: rknn::RKNNConvStrideFixPass
D RKNN: [19:18:13.057] <<<<<<<< end: rknn::RKNNConvStrideFixPass
D RKNN: [19:18:13.057] >>>>>> start: rknn::RKNNTileGroupConv
D RKNN: [19:18:13.057] <<<<<<<< end: rknn::RKNNTileGroupConv
D RKNN: [19:18:13.057] >>>>>> start: rknn::RKNNTileFcBatchFuse
D RKNN: [19:18:13.057] <<<<<<<< end: rknn::RKNNTileFcBatchFuse
D RKNN: [19:18:13.057] >>>>>> start: rknn::RKNNAddConvBias
D RKNN: [19:18:13.057] <<<<<<<< end: rknn::RKNNAddConvBias
D RKNN: [19:18:13.057] >>>>>> start: rknn::RKNNTileChannel
D RKNN: [19:18:13.057] <<<<<<<< end: rknn::RKNNTileChannel
D RKNN: [19:18:13.057] >>>>>> start: rknn::RKNNDuplicateWeightPass
D RKNN: [19:18:13.057] <<<<<<<< end: rknn::RKNNDuplicateWeightPass
D RKNN: [19:18:13.057] >>>>>> start: rknn::RKNNPerChannelPrep
D RKNN: [19:18:13.057] <<<<<<<< end: rknn::RKNNPerChannelPrep
D RKNN: [19:18:13.057] >>>>>> start: rknn::RKNNBnQuant
D RKNN: [19:18:13.057] <<<<<<<< end: rknn::RKNNBnQuant
D RKNN: [19:18:13.057] >>>>>> start: rknn::RKNNFuseOptimizerPass
D RKNN: [19:18:13.057] <<<<<<<< end: rknn::RKNNFuseOptimizerPass
D RKNN: [19:18:13.057] >>>>>> start: rknn::RKNNTurnAutoPad
D RKNN: [19:18:13.057] <<<<<<<< end: rknn::RKNNTurnAutoPad
D RKNN: [19:18:13.057] >>>>>> start: rknn::RKNNInitRNNConst
D RKNN: [19:18:13.057] <<<<<<<< end: rknn::RKNNInitRNNConst
D RKNN: [19:18:13.057] >>>>>> start: rknn::RKNNInitCastConst
D RKNN: [19:18:13.057] <<<<<<<< end: rknn::RKNNInitCastConst
D RKNN: [19:18:13.057] >>>>>> start: rknn::RKNNMultiSurfacePass
D RKNN: [19:18:13.057] <<<<<<<< end: rknn::RKNNMultiSurfacePass
D RKNN: [19:18:13.057] >>>>>> start: rknn::RKNNReplaceConstantTensorPass
D RKNN: [19:18:13.057] <<<<<<<< end: rknn::RKNNReplaceConstantTensorPass
D RKNN: [19:18:13.057] >>>>>> start: rknn::RKNNSubgraphManager
D RKNN: [19:18:13.057] <<<<<<<< end: rknn::RKNNSubgraphManager
D RKNN: [19:18:13.057] >>>>>> start: OpEmit
D RKNN: [19:18:13.057] <<<<<<<< end: OpEmit
D RKNN: [19:18:13.057] >>>>>> start: rknn::RKNNAddFirstConv
D RKNN: [19:18:13.057] <<<<<<<< end: rknn::RKNNAddFirstConv
D RKNN: [19:18:13.057] >>>>>> start: rknn::RKNNLayoutMatchPass
D RKNN: [19:18:13.057] <<<<<<<< end: rknn::RKNNLayoutMatchPass
D RKNN: [19:18:13.057] >>>>>> start: rknn::RKNNAddSecondaryNode
D RKNN: [19:18:13.057] <<<<<<<< end: rknn::RKNNAddSecondaryNode
D RKNN: [19:18:13.057] >>>>>> start: rknn::RKNNAllocateConvCachePass
D RKNN: [19:18:13.058] <<<<<<<< end: rknn::RKNNAllocateConvCachePass
D RKNN: [19:18:13.058] >>>>>> start: OpEmit
D RKNN: [19:18:13.058] finish initComputeZoneMap
D RKNN: [19:18:13.058] finish initComputeZoneMap
D RKNN: [19:18:13.058] <<<<<<<< end: OpEmit
D RKNN: [19:18:13.058] >>>>>> start: rknn::RKNNSubGraphMemoryPlanPass
D RKNN: [19:18:13.058] <<<<<<<< end: rknn::RKNNSubGraphMemoryPlanPass
D RKNN: [19:18:13.058] >>>>>> start: rknn::RKNNProfileAnalysisPass
D RKNN: [19:18:13.058] <<<<<<<< end: rknn::RKNNProfileAnalysisPass
D RKNN: [19:18:13.058] >>>>>> start: rknn::RKNNOperatorIdGenPass
D RKNN: [19:18:13.058] <<<<<<<< end: rknn::RKNNOperatorIdGenPass
D RKNN: [19:18:13.058] >>>>>> start: rknn::RKNNWeightTransposePass
W RKNN: [19:18:13.058] Warning: Tensor flat_tp_rs_i1 need parameter qtype, type is set to float16 by default!
W RKNN: [19:18:13.058] Warning: Tensor flat_tp_rs_i1 need parameter qtype, type is set to float16 by default!
W RKNN: [19:18:13.058] Warning: Tensor output_mm_tp_rs_i1 need parameter qtype, type is set to float16 by default!
W RKNN: [19:18:13.058] Warning: Tensor output_mm_tp_rs_i1 need parameter qtype, type is set to float16 by default!
D RKNN: [19:18:13.058] <<<<<<<< end: rknn::RKNNWeightTransposePass
D RKNN: [19:18:13.058] >>>>>> start: rknn::RKNNCPUWeightTransposePass
D RKNN: [19:18:13.058] <<<<<<<< end: rknn::RKNNCPUWeightTransposePass
D RKNN: [19:18:13.058] >>>>>> start: rknn::RKNNModelBuildPass
D RKNN: [19:18:13.058] <<<<<<<< end: rknn::RKNNModelBuildPass
D RKNN: [19:18:13.058] >>>>>> start: rknn::RKNNModelRegCmdbuildPass
D RKNN: [19:18:13.058] --------------------------------------------------------------------------------------------------------------------------------------------------------------------------
D RKNN: [19:18:13.058]                                                         Network Layer Information Table                                                      
D RKNN: [19:18:13.058] --------------------------------------------------------------------------------------------------------------------------------------------------------------------------
D RKNN: [19:18:13.058] ID   OpType             DataType Target InputShape                               OutputShape            Cycles(DDR/NPU/Total)    RW(KB)       FullName        
D RKNN: [19:18:13.058] --------------------------------------------------------------------------------------------------------------------------------------------------------------------------
D RKNN: [19:18:13.058] 0    InputOperator      INT8     CPU    \                                        (1,3,8,8)              0/0/0                    0            InputOperator:input
D RKNN: [19:18:13.058] 1    Conv               INT8     NPU    (1,3,8,8),(3,3,1,1),(3)                  (1,3,8,8)              221/256/256              0            Conv:stem       
D RKNN: [19:18:13.058] 2    Reshape            INT8     NPU    (1,3,8,8),(4)                            (1,192,1,1)            0/0/0                    1            Reshape:flat_tp_rs
D RKNN: [19:18:13.058] 3    Conv               INT8     NPU    (1,192,1,1),(8,192,1,1),(8)              (1,8,1,1)              304/96/304               1            Conv:output#1   
D RKNN: [19:18:13.058] 4    Reshape            INT8     NPU    (1,8,1,1),(2)                            (1,8)                  0/0/0                    0            Reshape:output_mm_tp_rs
D RKNN: [19:18:13.058] 5    OutputOperator     INT8     CPU    (1,8)                                    \                      0/0/0                    0            OutputOperator:output
D RKNN: [19:18:13.058] --------------------------------------------------------------------------------------------------------------------------------------------------------------------------
D RKNN: [19:18:13.058] <<<<<<<< end: rknn::RKNNModelRegCmdbuildPass
D RKNN: [19:18:13.058] >>>>>> start: rknn::RKNNFlatcModelBuildPass
D RKNN: [19:18:13.058] Export Mini RKNN model to /tmp/tmpdrtxoqhm/check.rknn
D RKNN: [19:18:13.058] >>>>>> end: rknn::RKNNFlatcModelBuildPass
D RKNN: [19:18:13.059] >>>>>> start: rknn::RKNNMemStatisticsPass
D RKNN: [19:18:13.059] -----------------------------------------------------------------------------------------------------------------------------
D RKNN: [19:18:13.059]                                          Feature Tensor Information Table                              
D RKNN: [19:18:13.059] -------------------------------------------------------------------------------------------+---------------------------------
D RKNN: [19:18:13.059] ID  User           Tensor                DataType  DataFormat   OrigShape    NativeShape   |     [Start       End)       Size
D RKNN: [19:18:13.059] -------------------------------------------------------------------------------------------+---------------------------------
D RKNN: [19:18:13.059] 1   Conv           inputI rknn building done.
                 INT8      NC1HWC2      (1,3,8,8)    (1,2,8,8,3)   | 0x00001880 0x00001a00 0x00000180
D RKNN: [19:18:13.059] 2   Reshape        stem                  INT8      NC1HWC2      (1,3,8,8)    (1,1,8,8,16)  | 0x00001a00 0x00001e00 0x00000400
D RKNN: [19:18:13.059] 2   Reshape        stem_exSecondary      INT8      NC1HWC2      (1,3,8,8)    (1,2,8,8,16)  | 0x00001e00 0x000026c0 0x000008c0
D RKNN: [19:18:13.059] 3   Conv           flat_tp_rs            INT8      NC1HWC2      (1,192,1,1)  (1,12,1,1,16) | 0x00001880 0x00001940 0x000000c0
D RKNN: [19:18:13.059] 4   Reshape        output_mm             INT8      NC1HWC2      (1,8,1,1)    (1,1,1,1,16)  | 0x00001940 0x00001950 0x00000010
D RKNN: [19:18:13.059] 5   OutputOperator output                INT8      UNDEFINED    (1,8)        (1,8)         | 0x000018c0 0x00001900 0x00000040
D RKNN: [19:18:13.059] -------------------------------------------------------------------------------------------+---------------------------------
D RKNN: [19:18:13.059] ----------------------------------------------------------------------------------------
D RKNN: [19:18:13.059]                              Const Tensor Information Table              
D RKNN: [19:18:13.059] ------------------------------------------------------+---------------------------------
D RKNN: [19:18:13.059] ID  User    Tensor             DataType  OrigShape    |     [Start       End)       Size
D RKNN: [19:18:13.059] ------------------------------------------------------+---------------------------------
D RKNN: [19:18:13.059] 1   Conv    stem_w             INT8      (3,3,1,1)    | 0x00000000 0x00000040 0x00000040
D RKNN: [19:18:13.059] 1   Conv    stem_b             INT32     (3)          | 0x00000040 0x000000c0 0x00000080
D RKNN: [19:18:13.059] 2   Reshape flat_tp_rs_i1      INT64     (4)          | 0x000006c0 0x00000700 0x00000040
D RKNN: [19:18:13.059] 3   Conv    matrix             INT8      (8,192,1,1)  | 0x000000c0 0x000006c0 0x00000600
D RKNN: [19:18:13.059] 3   Conv    matrix_bias_0      INT32     (8)          | 0x00000740*0x000007c0 0x00000080
D RKNN: [19:18:13.059] 4   Reshape output_mm_tp_rs_i1 INT64     (2)          | 0x00000700 0x00000740 0x00000040
D RKNN: [19:18:13.059] ------------------------------------------------------+---------------------------------
D RKNN: [19:18:13.059] ----------------------------------------
D RKNN: [19:18:13.059] Total Internal Memory Size: 3.5625KB
D RKNN: [19:18:13.059] Total Weight Memory Size: 1.9375KB
D RKNN: [19:18:13.059] ----------------------------------------
D RKNN: [19:18:13.059] <<<<<<<< end: rknn::RKNNMemStatisticsPass
