I rknn-toolkit2 version: 2.3.0
I Loading :   0%|                                                             | 0/2 [00:00<?, ?it/s]I Loading : 100%|██████████████████████████████████████████████████| 2/2 [00:00<00:00, 24105.20it/s]
D base_optimize ...
D base_optimize done.
D 
D fold_constant ...
D fold_constant done.
D 
D correct_ops ...
D correct_ops done.
D 
D fuse_ops ...
D fuse_ops done.
D 
D sparse_weight ...
D sparse_weight done.
D 
I GraphPreparing :   0%|                                                      | 0/2 [00:00<?, ?it/s]I GraphPreparing : 100%|███████████████████████████████████████████| 2/2 [00:00<00:00, 10046.24it/s]
I Quantizating :   0%|                                                        | 0/2 [00:00<?, ?it/s]I Quantizating : 100%|██████████████████████████████████████████████| 2/2 [00:00<00:00, 1033.33it/s]
D 
D quant_optimizer ...
D quant_optimizer results:
D     adjust_tanh_sigmoid: ['output']
D quant_optimizer done.
D 
[1;33mW[0m [1;33mbuild: The default input dtype of 'input' is changed from 'float32' to 'int8' in rknn model for performance!
                       Please take care of this change when deploy rknn model with Runtime API![0m
[1;33mW[0m [1;33mbuild: The default output dtype of 'output' is changed from 'float32' to 'int8' in rknn model for performance!
                      Please take care of this change when deploy rknn model with Runtime API![0m
I rknn building ...
I RKNN: [19:17:53.882] compress = 0, conv_eltwise_activation_fuse = 1, global_fuse = 1, multi-core-model-mode = 7, output_optimize = 1, layout_match = 1, enable_argb_group = 0, op_group_sram_opt = 0, enable_flash_attention = 0, op_group_nbuf_opt = 0
I RKNN: librknnc version: 2.3.0 (c949ad889d@2024-11-07T11:39:30)
D RKNN: [19:17:53.882] RKNN is invoked
D RKNN: [19:17:53.882] >>>>>> start: rknn::RKNNExtractCustomOpAttrs
D RKNN: [19:17:53.882] <<<<<<<< end: rknn::RKNNExtractCustomOpAttrs
D RKNN: [19:17:53.882] >>>>>> start: rknn::RKNNSetOpTargetPass
D RKNN: [19:17:53.882] <<<<<<<< end: rknn::RKNNSetOpTargetPass
D RKNN: [19:17:53.882] >>>>>> start: rknn::RKNNBindNorm
D RKNN: [19:17:53.882] <<<<<<<< end: rknn::RKNNBindNorm
D RKNN: [19:17:53.882] >>>>>> start: rknn::RKNNEliminateQATDataConvert
D RKNN: [19:17:53.882] <<<<<<<< end: rknn::RKNNEliminateQATDataConvert
D RKNN: [19:17:53.882] >>>>>> start: rknn::RKNNConvStrideFixPass
D RKNN: [19:17:53.882] <<<<<<<< end: rknn::RKNNConvStrideFixPass
D RKNN: [19:17:53.882] >>>>>> start: rknn::RKNNTileGroupConv
D RKNN: [19:17:53.882] <<<<<<<< end: rknn::RKNNTileGroupConv
D RKNN: [19:17:53.882] >>>>>> start: rknn::RKNNTileFcBatchFuse
D RKNN: [19:17:53.882] <<<<<<<< end: rknn::RKNNTileFcBatchFuse
D RKNN: [19:17:53.882] >>>>>> start: rknn::RKNNAddConvBias
D RKNN: [19:17:53.882] <<<<<<<< end: rknn::RKNNAddConvBias
D RKNN: [19:17:53.882] >>>>>> start: rknn::RKNNTileChannel
D RKNN: [19:17:53.882] <<<<<<<< end: rknn::RKNNTileChannel
D RKNN: [19:17:53.882] >>>>>> start: rknn::RKNNDuplicateWeightPass
D RKNN: [19:17:53.882] <<<<<<<< end: rknn::RKNNDuplicateWeightPass
D RKNN: [19:17:53.882] >>>>>> start: rknn::RKNNPerChannelPrep
D RKNN: [19:17:53.882] <<<<<<<< end: rknn::RKNNPerChannelPrep
D RKNN: [19:17:53.882] >>>>>> start: rknn::RKNNBnQuant
D RKNN: [19:17:53.882] <<<<<<<< end: rknn::RKNNBnQuant
D RKNN: [19:17:53.882] >>>>>> start: rknn::RKNNFuseOptimizerPass
D RKNN: [19:17:53.882] <<<<<<<< end: rknn::RKNNFuseOptimizerPass
D RKNN: [19:17:53.882] >>>>>> start: rknn::RKNNTurnAutoPad
D RKNN: [19:17:53.882] <<<<<<<< end: rknn::RKNNTurnAutoPad
D RKNN: [19:17:53.882] >>>>>> start: rknn::RKNNInitRNNConst
D RKNN: [19:17:53.882] <<<<<<<< end: rknn::RKNNInitRNNConst
D RKNN: [19:17:53.882] >>>>>> start: rknn::RKNNInitCastConst
D RKNN: [19:17:53.882] <<<<<<<< end: rknn::RKNNInitCastConst
D RKNN: [19:17:53.882] >>>>>> start: rknn::RKNNMultiSurfacePass
D RKNN: [19:17:53.882] <<<<<<<< end: rknn::RKNNMultiSurfacePass
D RKNN: [19:17:53.882] >>>>>> start: rknn::RKNNReplaceConstantTensorPass
D RKNN: [19:17:53.882] <<<<<<<< end: rknn::RKNNReplaceConstantTensorPass
D RKNN: [19:17:53.882] >>>>>> start: rknn::RKNNSubgraphManager
D RKNN: [19:17:53.882] <<<<<<<< end: rknn::RKNNSubgraphManager
D RKNN: [19:17:53.882] >>>>>> start: OpEmit
D RKNN: [19:17:53.882] <<<<<<<< end: OpEmit
D RKNN: [19:17:53.882] >>>>>> start: rknn::RKNNAddFirstConv
D RKNN: [19:17:53.882] <<<<<<<< end: rknn::RKNNAddFirstConv
D RKNN: [19:17:53.882] >>>>>> start: rknn::RKNNLayoutMatchPass
D RKNN: [19:17:53.883] <<<<<<<< end: rknn::RKNNLayoutMatchPass
D RKNN: [19:17:53.883] >>>>>> start: rknn::RKNNAddSecondaryNode
D RKNN: [19:17:53.883] <<<<<<<< end: rknn::RKNNAddSecondaryNode
D RKNN: [19:17:53.883] >>>>>> start: rknn::RKNNAllocateConvCachePass
D RKNN: [19:17:53.883] <<<<<<<< end: rknn::RKNNAllocateConvCachePass
D RKNN: [19:17:53.883] >>>>>> start: OpEmit
D RKNN: [19:17:53.883] <<<<<<<< end: OpEmit
D RKNN: [19:17:53.883] >>>>>> start: rknn::RKNNSubGraphMemoryPlanPass
D RKNN: [19:17:53.883] <<<<<<<< end: rknn::RKNNSubGraphMemoryPlanPass
D RKNN: [19:17:53.883] >>>>>> start: rknn::RKNNProfileAnalysisPass
D RKNN: [19:17:53.883] <<<<<<<< end: rknn::RKNNProfileAnalysisPass
D RKNN: [19:17:53.883] >>>>>> start: rknn::RKNNOperatorIdGenPass
D RKNN: [19:17:53.883] <<<<<<<< end: rknn::RKNNOperatorIdGenPass
D RKNN: [19:17:53.883] >>>>>> start: rknn::RKNNWeightTransposePass
D RKNN: [19:17:53.883] <<<<<<<< end: rknn::RKNNWeightTransposePass
D RKNN: [19:17:53.883] >>>>>> start: rknn::RKNNCPUWeightTransposePass
D RKNN: [19:17:53.883] <<<<<<<< end: rknn::RKNNCPUWeightTransposePass
D RKNN: [19:17:53.883] >>>>>> start: rknn::RKNNModelBuildPass
D RKNN: [19:17:53.884] <<<<<<<< end: rknn::RKNNModelBuildPass
D RKNN: [19:17:53.884] >>>>>> start: rknn::RKNNModelRegCmdbuildPass
D RKNN: [19:17:53.884] --------------------------------------------------------------------------------------------------------------------------------------------------------------------------
D RKNN: [19:17:53.884]                                                         Network Layer Information Table                                                      
D RKNN: [19:17:53.884] --------------------------------------------------------------------------------------------------------------------------------------------------------------------------
D RKNN: [19:17:53.884] ID   OpType             DataType Target InputShape                               OutputShape            Cycles(DDR/NPU/Total)    RW(KB)       FullName        
D RKNN: [19:17:53.884] --------------------------------------------------------------------------------------------------------------------------------------------------------------------------
D RKNN: [19:17:53.884] 0    InputOperator      INT8     CPU    \                                        (1,3,8,8)              0/0/0                    0            InputOperator:input
D RKNN: [19:17:53.884] 1    ConvSigmoid        INT8     NPU    (1,3,8,8),(3,3,1,1),(3)                  (1,3,8,8)              221/256/256              0            Conv:stem       
D RKNN: [19:17:53.884] 2    OutputOperator     INT8     NPU    (1,3,8,8)                                \                      0/0/0                    1            OutputOperator:output
D RKNN: [19:17:53.884] --------------------------------------------------------------------------------------------------------------------------------------------------------------------------
D RKNN: [19:17:53.884] <<<<<<<< end: rknn::RKNNModelRegCmdbuildPass
D RKNN: [19:17:53.884] >>>>>> start: rknn::RKNNFlatcModelBuildPass
D RKNN: [19:17:53.884] Export Mini RKNN model to /tmp/tmp3hemoaju/check.rknn
D RKNN: [19:17:53.884] >>>>>> end: rknn::RKNNFlatcModelBuildPass
D RKNN: [19:17:53.884] >>>>>> start: rknn::RKNNMemStatisticsPass
D RKNN: [19:17:53.884] -------------------------------------------------------------------------------------------------------------------------
D RKNN: [19:17:53.884]                                         Feature Tensor Information Table                            
D RKNN: [19:17:53.884] ---------------------------------------------------------------------------------------+---------------------------------
D RKNN: [19:17:53.884] ID  User           Tensor             DataType  DataFormat   OrigShape    NativeShape  |     [Start       End)       Size
D RKNN: [19:17:53.884] ---------------------------------------------------------------------------------------+---------------------------------
D RKNN: [19:17:53.884] 1   ConvSigmoid    input              INT8      NC1HWC2      (1,3,8,8)    (1,2,8,8,3)  | 0x00002e40 0x00002fc0 0x00000180
D RKNN: [19:17:53.884] 2   OutputOperator output             INT8      NC1HWC2      (1,3,8,8)    (1,1,8,8,16) | 0x00002fc0 0x000033c0 0x00000400
D RKNN: [19:17:53.884] 2   OutputOperator output_exSecondary INT8      NHWC         (1,8,8,3)    (1,8,8,3)    | 0x00002e40 0x00002f00 0x000000c0
D RKNN: [19:17:53.884] ---------------------------------------------------------------------------------------+---------------------------------
D RKNN: [19:17:53.884] ----------------------------------------------------------------------------------
D RKNN: [19:17:53.884]                            Const Tensor Information Table           
D RKNN: [19:17:53.884] ------------------------------------------------+---------------------------------
D RKNN: [19:17:53.884] ID  User        Tensor   DataType  OrigShape    |     [Start       End)       Size
D RKNN: [19:17:53.884] ------------------------------------------------+---------------------------------
D RKNN: [19:17:53.884] 1   ConvSigmoid stem_w   INT8      (3,3,1,1)    | I rknn building done.
0x00000000 0x00000040 0x00000040
D RKNN: [19:17:53.884] 1   ConvSigmoid stem_b   INT32     (3)          | 0x00000040*0x000000c0 0x00000080
D RKNN: [19:17:53.884] ------------------------------------------------+---------------------------------
D RKNN: [19:17:53.884] ----------------------------------------
D RKNN: [19:17:53.884] Total Internal Memory Size: 1.375KB
D RKNN: [19:17:53.884] Total Weight Memory Size: 0.1875KB
D RKNN: [19:17:53.884] ----------------------------------------
D RKNN: [19:17:53.884] <<<<<<<< end: rknn::RKNNMemStatisticsPass
